Archive member included to satisfy reference by file (symbol)

C:/ST/STM32CubeCLT/GNU-tools-for-STM32/bin/../lib/gcc/arm-none-eabi/11.3.1/thumb/v6-m/nofp\libgcc.a(_udivsi3.o)
                              cmake/stm32cubemx/CMakeFiles/STM32_Drivers.dir/__/__/Core/Src/system_stm32g0xx.c.obj (__aeabi_uidiv)
C:/ST/STM32CubeCLT/GNU-tools-for-STM32/bin/../lib/gcc/arm-none-eabi/11.3.1/thumb/v6-m/nofp\libgcc.a(_dvmd_tls.o)
                              C:/ST/STM32CubeCLT/GNU-tools-for-STM32/bin/../lib/gcc/arm-none-eabi/11.3.1/thumb/v6-m/nofp\libgcc.a(_udivsi3.o) (__aeabi_idiv0)
C:/ST/STM32CubeCLT/GNU-tools-for-STM32/bin/../lib/gcc/arm-none-eabi/11.3.1/thumb/v6-m/nofp\libgcc.a(_arm_cmpsf2.o)
                              cmake/stm32cubemx/CMakeFiles/STM32_Drivers.dir/__/__/Drivers/Libraries/status.c.obj (__aeabi_fcmple)
C:/ST/STM32CubeCLT/GNU-tools-for-STM32/bin/../lib/gcc/arm-none-eabi/11.3.1/thumb/v6-m/nofp\libgcc.a(_fixunssfsi.o)
                              cmake/stm32cubemx/CMakeFiles/STM32_Drivers.dir/__/__/Drivers/Libraries/status.c.obj (__aeabi_f2uiz)
C:/ST/STM32CubeCLT/GNU-tools-for-STM32/bin/../lib/gcc/arm-none-eabi/11.3.1/thumb/v6-m/nofp\libgcc.a(addsf3.o)
                              cmake/stm32cubemx/CMakeFiles/STM32_Drivers.dir/__/__/Drivers/Libraries/status.c.obj (__aeabi_fadd)
C:/ST/STM32CubeCLT/GNU-tools-for-STM32/bin/../lib/gcc/arm-none-eabi/11.3.1/thumb/v6-m/nofp\libgcc.a(divsf3.o)
                              cmake/stm32cubemx/CMakeFiles/STM32_Drivers.dir/__/__/Drivers/Libraries/status.c.obj (__aeabi_fdiv)
C:/ST/STM32CubeCLT/GNU-tools-for-STM32/bin/../lib/gcc/arm-none-eabi/11.3.1/thumb/v6-m/nofp\libgcc.a(eqsf2.o)
                              C:/ST/STM32CubeCLT/GNU-tools-for-STM32/bin/../lib/gcc/arm-none-eabi/11.3.1/thumb/v6-m/nofp\libgcc.a(_arm_cmpsf2.o) (__eqsf2)
C:/ST/STM32CubeCLT/GNU-tools-for-STM32/bin/../lib/gcc/arm-none-eabi/11.3.1/thumb/v6-m/nofp\libgcc.a(gesf2.o)
                              C:/ST/STM32CubeCLT/GNU-tools-for-STM32/bin/../lib/gcc/arm-none-eabi/11.3.1/thumb/v6-m/nofp\libgcc.a(_arm_cmpsf2.o) (__gesf2)
C:/ST/STM32CubeCLT/GNU-tools-for-STM32/bin/../lib/gcc/arm-none-eabi/11.3.1/thumb/v6-m/nofp\libgcc.a(lesf2.o)
                              C:/ST/STM32CubeCLT/GNU-tools-for-STM32/bin/../lib/gcc/arm-none-eabi/11.3.1/thumb/v6-m/nofp\libgcc.a(_arm_cmpsf2.o) (__lesf2)
C:/ST/STM32CubeCLT/GNU-tools-for-STM32/bin/../lib/gcc/arm-none-eabi/11.3.1/thumb/v6-m/nofp\libgcc.a(mulsf3.o)
                              cmake/stm32cubemx/CMakeFiles/STM32_Drivers.dir/__/__/Drivers/Libraries/status.c.obj (__aeabi_fmul)
C:/ST/STM32CubeCLT/GNU-tools-for-STM32/bin/../lib/gcc/arm-none-eabi/11.3.1/thumb/v6-m/nofp\libgcc.a(subsf3.o)
                              cmake/stm32cubemx/CMakeFiles/STM32_Drivers.dir/__/__/Drivers/Libraries/status.c.obj (__aeabi_fsub)
C:/ST/STM32CubeCLT/GNU-tools-for-STM32/bin/../lib/gcc/arm-none-eabi/11.3.1/thumb/v6-m/nofp\libgcc.a(fixsfsi.o)
                              C:/ST/STM32CubeCLT/GNU-tools-for-STM32/bin/../lib/gcc/arm-none-eabi/11.3.1/thumb/v6-m/nofp\libgcc.a(_fixunssfsi.o) (__aeabi_f2iz)
C:/ST/STM32CubeCLT/GNU-tools-for-STM32/bin/../lib/gcc/arm-none-eabi/11.3.1/thumb/v6-m/nofp\libgcc.a(floatsisf.o)
                              cmake/stm32cubemx/CMakeFiles/STM32_Drivers.dir/__/__/Drivers/Libraries/status.c.obj (__aeabi_i2f)
C:/ST/STM32CubeCLT/GNU-tools-for-STM32/bin/../lib/gcc/arm-none-eabi/11.3.1/thumb/v6-m/nofp\libgcc.a(_clzsi2.o)
                              C:/ST/STM32CubeCLT/GNU-tools-for-STM32/bin/../lib/gcc/arm-none-eabi/11.3.1/thumb/v6-m/nofp\libgcc.a(addsf3.o) (__clzsi2)
C:/ST/STM32CubeCLT/GNU-tools-for-STM32/bin/../lib/gcc/arm-none-eabi/11.3.1/../../../../arm-none-eabi/lib/thumb/v6-m/nofp\libg_nano.a(libc_a-exit.o)
                              C:/ST/STM32CubeCLT/GNU-tools-for-STM32/bin/../lib/gcc/arm-none-eabi/11.3.1/../../../../arm-none-eabi/lib/thumb/v6-m/nofp/crt0.o (exit)
C:/ST/STM32CubeCLT/GNU-tools-for-STM32/bin/../lib/gcc/arm-none-eabi/11.3.1/../../../../arm-none-eabi/lib/thumb/v6-m/nofp\libg_nano.a(libc_a-findfp.o)
                              C:/ST/STM32CubeCLT/GNU-tools-for-STM32/bin/../lib/gcc/arm-none-eabi/11.3.1/../../../../arm-none-eabi/lib/thumb/v6-m/nofp\libg_nano.a(libc_a-exit.o) (__stdio_exit_handler)
C:/ST/STM32CubeCLT/GNU-tools-for-STM32/bin/../lib/gcc/arm-none-eabi/11.3.1/../../../../arm-none-eabi/lib/thumb/v6-m/nofp\libg_nano.a(libc_a-fwalk.o)
                              C:/ST/STM32CubeCLT/GNU-tools-for-STM32/bin/../lib/gcc/arm-none-eabi/11.3.1/../../../../arm-none-eabi/lib/thumb/v6-m/nofp\libg_nano.a(libc_a-findfp.o) (_fwalk_sglue)
C:/ST/STM32CubeCLT/GNU-tools-for-STM32/bin/../lib/gcc/arm-none-eabi/11.3.1/../../../../arm-none-eabi/lib/thumb/v6-m/nofp\libg_nano.a(libc_a-stdio.o)
                              C:/ST/STM32CubeCLT/GNU-tools-for-STM32/bin/../lib/gcc/arm-none-eabi/11.3.1/../../../../arm-none-eabi/lib/thumb/v6-m/nofp\libg_nano.a(libc_a-findfp.o) (__sread)
[...]
Memory Configuration

Name             Origin             Length             Attributes
RAM              0x0000000020000000 0x0000000000009000 xrw
FLASH            0x0000000008000000 0x0000000000020000 xr
*default*        0x0000000000000000 0xffffffffffffffff

Linker script and memory map

LOAD C:/ST/STM32CubeCLT/GNU-tools-for-STM32/bin/../lib/gcc/arm-none-eabi/11.3.1/thumb/v6-m/nofp/crti.o
LOAD C:/ST/STM32CubeCLT/GNU-tools-for-STM32/bin/../lib/gcc/arm-none-eabi/11.3.1/thumb/v6-m/nofp/crtbegin.o
LOAD C:/ST/STM32CubeCLT/GNU-tools-for-STM32/bin/../lib/gcc/arm-none-eabi/11.3.1/../../../../arm-none-eabi/lib/thumb/v6-m/nofp/crt0.o
LOAD cmake/stm32cubemx/CMakeFiles/STM32_Drivers.dir/__/__/Core/Src/system_stm32g0xx.c.obj
LOAD cmake/stm32cubemx/CMakeFiles/STM32_Drivers.dir/__/__/Drivers/STM32G0xx_HAL_Driver/Src/stm32g0xx_hal_adc.c.obj
LOAD cmake/stm32cubemx/CMakeFiles/STM32_Drivers.dir/__/__/Drivers/STM32G0xx_HAL_Driver/Src/stm32g0xx_hal_adc_ex.c.obj
LOAD cmake/stm32cubemx/CMakeFiles/STM32_Drivers.dir/__/__/Drivers/STM32G0xx_HAL_Driver/Src/stm32g0xx_ll_adc.c.obj
LOAD cmake/stm32cubemx/CMakeFiles/STM32_Drivers.dir/__/__/Drivers/STM32G0xx_HAL_Driver/Src/stm32g0xx_hal_rcc.c.obj
LOAD cmake/stm32cubemx/CMakeFiles/STM32_Drivers.dir/__/__/Drivers/STM32G0xx_HAL_Driver/Src/stm32g0xx_hal_rcc_ex.c.obj
LOAD cmake/stm32cubemx/CMakeFiles/STM32_Drivers.dir/__/__/Drivers/STM32G0xx_HAL_Driver/Src/stm32g0xx_ll_rcc.c.obj
LOAD cmake/stm32cubemx/CMakeFiles/STM32_Drivers.dir/__/__/Drivers/STM32G0xx_HAL_Driver/Src/stm32g0xx_hal_flash.c.obj
LOAD cmake/stm32cubemx/CMakeFiles/STM32_Drivers.dir/__/__/Drivers/STM32G0xx_HAL_Driver/Src/stm32g0xx_hal_flash_ex.c.obj
LOAD cmake/stm32cubemx/CMakeFiles/STM32_Drivers.dir/__/__/Drivers/STM32G0xx_HAL_Driver/Src/stm32g0xx_hal_gpio.c.obj
LOAD cmake/stm32cubemx/CMakeFiles/STM32_Drivers.dir/__/__/Drivers/STM32G0xx_HAL_Driver/Src/stm32g0xx_hal_dma.c.obj
LOAD cmake/stm32cubemx/CMakeFiles/STM32_Drivers.dir/__/__/Drivers/STM32G0xx_HAL_Driver/Src/stm32g0xx_hal_dma_ex.c.obj
LOAD cmake/stm32cubemx/CMakeFiles/STM32_Drivers.dir/__/__/Drivers/STM32G0xx_HAL_Driver/Src/stm32g0xx_hal_pwr.c.obj
LOAD cmake/stm32cubemx/CMakeFiles/STM32_Drivers.dir/__/__/Drivers/STM32G0xx_HAL_Driver/Src/stm32g0xx_hal_pwr_ex.c.obj
LOAD cmake/stm32cubemx/CMakeFiles/STM32_Drivers.dir/__/__/Drivers/STM32G0xx_HAL_Driver/Src/stm32g0xx_hal_cortex.c.obj
LOAD cmake/stm32cubemx/CMakeFiles/STM32_Drivers.dir/__/__/Drivers/STM32G0xx_HAL_Driver/Src/stm32g0xx_hal.c.obj
LOAD cmake/stm32cubemx/CMakeFiles/STM32_Drivers.dir/__/__/Drivers/STM32G0xx_HAL_Driver/Src/stm32g0xx_hal_exti.c.obj
LOAD cmake/stm32cubemx/CMakeFiles/STM32_Drivers.dir/__/__/Drivers/STM32G0xx_HAL_Driver/Src/stm32g0xx_hal_dac.c.obj
LOAD cmake/stm32cubemx/CMakeFiles/STM32_Drivers.dir/__/__/Drivers/STM32G0xx_HAL_Driver/Src/stm32g0xx_hal_dac_ex.c.obj
LOAD cmake/stm32cubemx/CMakeFiles/STM32_Drivers.dir/__/__/Drivers/STM32G0xx_HAL_Driver/Src/stm32g0xx_hal_i2c.c.obj
LOAD cmake/stm32cubemx/CMakeFiles/STM32_Drivers.dir/__/__/Drivers/STM32G0xx_HAL_Driver/Src/stm32g0xx_hal_i2c_ex.c.obj
LOAD cmake/stm32cubemx/CMakeFiles/STM32_Drivers.dir/__/__/Drivers/STM32G0xx_HAL_Driver/Src/stm32g0xx_hal_spi.c.obj
LOAD cmake/stm32cubemx/CMakeFiles/STM32_Drivers.dir/__/__/Drivers/STM32G0xx_HAL_Driver/Src/stm32g0xx_hal_spi_ex.c.obj
LOAD cmake/stm32cubemx/CMakeFiles/STM32_Drivers.dir/__/__/Drivers/STM32G0xx_HAL_Driver/Src/stm32g0xx_hal_tim.c.obj
LOAD cmake/stm32cubemx/CMakeFiles/STM32_Drivers.dir/__/__/Drivers/STM32G0xx_HAL_Driver/Src/stm32g0xx_hal_tim_ex.c.obj
LOAD cmake/stm32cubemx/CMakeFiles/STM32_Drivers.dir/__/__/Drivers/Components/Stepper.c.obj
LOAD cmake/stm32cubemx/CMakeFiles/STM32_Drivers.dir/__/__/Drivers/Components/ws2812.c.obj
LOAD cmake/stm32cubemx/CMakeFiles/STM32_Drivers.dir/__/__/Drivers/Libraries/status.c.obj
LOAD CMakeFiles/SPARK.dir/Core/Src/main.c.obj
LOAD CMakeFiles/SPARK.dir/Core/Src/stm32g0xx_it.c.obj
LOAD CMakeFiles/SPARK.dir/Core/Src/stm32g0xx_hal_msp.c.obj
LOAD CMakeFiles/SPARK.dir/Core/Src/sysmem.c.obj
LOAD CMakeFiles/SPARK.dir/Core/Src/syscalls.c.obj
LOAD CMakeFiles/SPARK.dir/startup_stm32g071xx.s.obj
LOAD C:/ST/STM32CubeCLT/GNU-tools-for-STM32/bin/../lib/gcc/arm-none-eabi/11.3.1/../../../../arm-none-eabi/lib/thumb/v6-m/nofp\libm.a
START GROUP
LOAD C:/ST/STM32CubeCLT/GNU-tools-for-STM32/bin/../lib/gcc/arm-none-eabi/11.3.1/thumb/v6-m/nofp\libgcc.a
LOAD C:/ST/STM32CubeCLT/GNU-tools-for-STM32/bin/../lib/gcc/arm-none-eabi/11.3.1/../../../../arm-none-eabi/lib/thumb/v6-m/nofp\libg_nano.a
LOAD C:/ST/STM32CubeCLT/GNU-tools-for-STM32/bin/../lib/gcc/arm-none-eabi/11.3.1/../../../../arm-none-eabi/lib/thumb/v6-m/nofp\libc_nano.a
END GROUP
START GROUP
LOAD C:/ST/STM32CubeCLT/GNU-tools-for-STM32/bin/../lib/gcc/arm-none-eabi/11.3.1/thumb/v6-m/nofp\libgcc.a
LOAD C:/ST/STM32CubeCLT/GNU-tools-for-STM32/bin/../lib/gcc/arm-none-eabi/11.3.1/../../../../arm-none-eabi/lib/thumb/v6-m/nofp\libc_nano.a
END GROUP
LOAD C:/ST/STM32CubeCLT/GNU-tools-for-STM32/bin/../lib/gcc/arm-none-eabi/11.3.1/thumb/v6-m/nofp/crtend.o
LOAD C:/ST/STM32CubeCLT/GNU-tools-for-STM32/bin/../lib/gcc/arm-none-eabi/11.3.1/thumb/v6-m/nofp/crtn.o
                0x0000000020009000                _estack = (ORIGIN (RAM) + LENGTH (RAM))
                0x0000000000000200                _Min_Heap_Size = 0x200
                0x0000000000000400                _Min_Stack_Size = 0x400

.isr_vector     0x0000000008000000       0xbc
                0x0000000008000000                . = ALIGN (0x4)
 *(.isr_vector)
 .isr_vector    0x0000000008000000       0xbc CMakeFiles/SPARK.dir/startup_stm32g071xx.s.obj
                0x0000000008000000                g_pfnVectors
                0x00000000080000bc                . = ALIGN (0x4)

.text           0x00000000080000bc     0x62d4
                0x00000000080000bc                . = ALIGN (0x4)
 *(.text)
 .text          0x00000000080000bc       0x48 C:/ST/STM32CubeCLT/GNU-tools-for-STM32/bin/../lib/gcc/arm-none-eabi/11.3.1/thumb/v6-m/nofp/crtbegin.o
 .text          0x0000000008000104      0x114 C:/ST/STM32CubeCLT/GNU-tools-for-STM32/bin/../lib/gcc/arm-none-eabi/11.3.1/thumb/v6-m/nofp\libgcc.a(_udivsi3.o)
                0x0000000008000104                __aeabi_uidiv
                0x0000000008000104                __udivsi3
                0x0000000008000210                __aeabi_uidivmod
 .text          0x0000000008000218        0x4 C:/ST/STM32CubeCLT/GNU-tools-for-STM32/bin/../lib/gcc/arm-none-eabi/11.3.1/thumb/v6-m/nofp\libgcc.a(_dvmd_tls.o)
                0x0000000008000218                __aeabi_idiv0
                0x0000000008000218                __aeabi_ldiv0
 .text          0x000000000800021c       0x74 C:/ST/STM32CubeCLT/GNU-tools-for-STM32/bin/../lib/gcc/arm-none-eabi/11.3.1/thumb/v6-m/nofp\libgcc.a(_arm_cmpsf2.o)
                0x000000000800021c                __aeabi_cfrcmple
                0x0000000008000224                __aeabi_cfcmpeq
                0x0000000008000224                __aeabi_cfcmple
                0x0000000008000234                __aeabi_fcmpeq
                0x0000000008000240                __aeabi_fcmplt
                0x0000000008000254                __aeabi_fcmple
                0x0000000008000268                __aeabi_fcmpgt
                0x000000000800027c                __aeabi_fcmpge
 .text          0x0000000008000290       0x30 C:/ST/STM32CubeCLT/GNU-tools-for-STM32/bin/../lib/gcc/arm-none-eabi/11.3.1/thumb/v6-m/nofp\libgcc.a(_fixunssfsi.o)
                0x0000000008000290                __fixunssfsi
                0x0000000008000290                __aeabi_f2uiz
 .text          0x00000000080002c0      0x340 C:/ST/STM32CubeCLT/GNU-tools-for-STM32/bin/../lib/gcc/arm-none-eabi/11.3.1/thumb/v6-m/nofp\libgcc.a(addsf3.o)
                0x00000000080002c0                __aeabi_fadd
 .text          0x0000000008000600      0x234 C:/ST/STM32CubeCLT/GNU-tools-for-STM32/bin/../lib/gcc/arm-none-eabi/11.3.1/thumb/v6-m/nofp\libgcc.a(divsf3.o)
                0x0000000008000600                __aeabi_fdiv
 .text          0x0000000008000834       0x4c C:/ST/STM32CubeCLT/GNU-tools-for-STM32/bin/../lib/gcc/arm-none-eabi/11.3.1/thumb/v6-m/nofp\libgcc.a(eqsf2.o)
                0x0000000008000834                __eqsf2
                0x0000000008000834                __nesf2
 .text          0x0000000008000880       0x8c C:/ST/STM32CubeCLT/GNU-tools-for-STM32/bin/../lib/gcc/arm-none-eabi/11.3.1/thumb/v6-m/nofp\libgcc.a(gesf2.o)
                0x0000000008000880                __gesf2
                0x0000000008000880                __gtsf2
 .text          0x000000000800090c       0x88 C:/ST/STM32CubeCLT/GNU-tools-for-STM32/bin/../lib/gcc/arm-none-eabi/11.3.1/thumb/v6-m/nofp\libgcc.a(lesf2.o)
                0x000000000800090c                __ltsf2
                0x000000000800090c                __lesf2
 .text          0x0000000008000994      0x29c C:/ST/STM32CubeCLT/GNU-tools-for-STM32/bin/../lib/gcc/arm-none-eabi/11.3.1/thumb/v6-m/nofp\libgcc.a(mulsf3.o)
                0x0000000008000994                __aeabi_fmul
 .text          0x0000000008000c30      0x340 C:/ST/STM32CubeCLT/GNU-tools-for-STM32/bin/../lib/gcc/arm-none-eabi/11.3.1/thumb/v6-m/nofp\libgcc.a(subsf3.o)
                0x0000000008000c30                __aeabi_fsub
 .text          0x0000000008000f70       0x40 C:/ST/STM32CubeCLT/GNU-tools-for-STM32/bin/../lib/gcc/arm-none-eabi/11.3.1/thumb/v6-m/nofp\libgcc.a(fixsfsi.o)
                0x0000000008000f70                __aeabi_f2iz
 .text          0x0000000008000fb0       0xa4 C:/ST/STM32CubeCLT/GNU-tools-for-STM32/bin/../lib/gcc/arm-none-eabi/11.3.1/thumb/v6-m/nofp\libgcc.a(floatsisf.o)
                0x0000000008000fb0                __aeabi_i2f
 .text          0x0000000008001054       0x3c C:/ST/STM32CubeCLT/GNU-tools-for-STM32/bin/../lib/gcc/arm-none-eabi/11.3.1/thumb/v6-m/nofp\libgcc.a(_clzsi2.o)
                0x0000000008001054                __clzsi2
 *(.text*)
 .text.SystemInit
                0x0000000008001090        0xa cmake/stm32cubemx/CMakeFiles/STM32_Drivers.dir/__/__/Core/Src/system_stm32g0xx.c.obj
                0x0000000008001090                SystemInit
 *fill*         0x000000000800109a        0x2 
 .text.LL_ADC_SetCommonPathInternalCh
                0x000000000800109c       0x28 cmake/stm32cubemx/CMakeFiles/STM32_Drivers.dir/__/__/Drivers/STM32G0xx_HAL_Driver/Src/stm32g0xx_hal_adc.c.obj
 .text.LL_ADC_GetCommonPathInternalCh
                0x00000000080010c4       0x1a cmake/stm32cubemx/CMakeFiles/STM32_Drivers.dir/__/__/Drivers/STM32G0xx_HAL_Driver/Src/stm32g0xx_hal_adc.c.obj
 .text.LL_ADC_SetSamplingTimeCommonChannels
                0x00000000080010de       0x3a cmake/stm32cubemx/CMakeFiles/STM32_Drivers.dir/__/__/Drivers/STM32G0xx_HAL_Driver/Src/stm32g0xx_hal_adc.c.obj
 .text.LL_ADC_GetSamplingTimeCommonChannels
                0x0000000008001118       0x2e cmake/stm32cubemx/CMakeFiles/STM32_Drivers.dir/__/__/Drivers/STM32G0xx_HAL_Driver/Src/stm32g0xx_hal_adc.c.obj
 .text.LL_ADC_REG_SetSequencerRanks
                0x0000000008001146       0x40 cmake/stm32cubemx/CMakeFiles/STM32_Drivers.dir/__/__/Drivers/STM32G0xx_HAL_Driver/Src/stm32g0xx_hal_adc.c.obj
 .text.LL_ADC_REG_SetSequencerChAdd
                0x0000000008001186       0x22 cmake/stm32cubemx/CMakeFiles/STM32_Drivers.dir/__/__/Drivers/STM32G0xx_HAL_Driver/Src/stm32g0xx_hal_adc.c.obj
 .text.LL_ADC_REG_SetSequencerChRem
                0x00000000080011a8       0x24 cmake/stm32cubemx/CMakeFiles/STM32_Drivers.dir/__/__/Drivers/STM32G0xx_HAL_Driver/Src/stm32g0xx_hal_adc.c.obj
 .text.LL_ADC_SetChannelSamplingTime
                0x00000000080011cc       0x38 cmake/stm32cubemx/CMakeFiles/STM32_Drivers.dir/__/__/Drivers/STM32G0xx_HAL_Driver/Src/stm32g0xx_hal_adc.c.obj
 .text.LL_ADC_EnableInternalRegulator
                0x0000000008001204       0x28 cmake/stm32cubemx/CMakeFiles/STM32_Drivers.dir/__/__/Drivers/STM32G0xx_HAL_Driver/Src/stm32g0xx_hal_adc.c.obj
 .text.LL_ADC_IsInternalRegulatorEnabled
                0x000000000800122c       0x28 cmake/stm32cubemx/CMakeFiles/STM32_Drivers.dir/__/__/Drivers/STM32G0xx_HAL_Driver/Src/stm32g0xx_hal_adc.c.obj
 .text.LL_ADC_IsEnabled
                0x0000000008001254       0x22 cmake/stm32cubemx/CMakeFiles/STM32_Drivers.dir/__/__/Drivers/STM32G0xx_HAL_Driver/Src/stm32g0xx_hal_adc.c.obj
 .text.LL_ADC_REG_IsConversionOngoing
                0x0000000008001276       0x22 cmake/stm32cubemx/CMakeFiles/STM32_Drivers.dir/__/__/Drivers/STM32G0xx_HAL_Driver/Src/stm32g0xx_hal_adc.c.obj
 .text.HAL_ADC_Init
                0x0000000008001298      0x350 cmake/stm32cubemx/CMakeFiles/STM32_Drivers.dir/__/__/Drivers/STM32G0xx_HAL_Driver/Src/stm32g0xx_hal_adc.c.obj
                0x0000000008001298                HAL_ADC_Init
 .text.HAL_ADC_ConfigChannel
                0x00000000080015e8      0x3b0 cmake/stm32cubemx/CMakeFiles/STM32_Drivers.dir/__/__/Drivers/STM32G0xx_HAL_Driver/Src/stm32g0xx_hal_adc.c.obj
                0x00000000080015e8                HAL_ADC_ConfigChannel
 .text.HAL_RCC_OscConfig
                0x0000000008001998      0x634 cmake/stm32cubemx/CMakeFiles/STM32_Drivers.dir/__/__/Drivers/STM32G0xx_HAL_Driver/Src/stm32g0xx_hal_rcc.c.obj
                0x0000000008001998                HAL_RCC_OscConfig
 .text.HAL_RCC_ClockConfig
                0x0000000008001fcc      0x210 cmake/stm32cubemx/CMakeFiles/STM32_Drivers.dir/__/__/Drivers/STM32G0xx_HAL_Driver/Src/stm32g0xx_hal_rcc.c.obj
                0x0000000008001fcc                HAL_RCC_ClockConfig
 .text.HAL_RCC_GetSysClockFreq
                0x00000000080021dc      0x104 cmake/stm32cubemx/CMakeFiles/STM32_Drivers.dir/__/__/Drivers/STM32G0xx_HAL_Driver/Src/stm32g0xx_hal_rcc.c.obj
                0x00000000080021dc                HAL_RCC_GetSysClockFreq
 .text.HAL_RCCEx_PeriphCLKConfig
                0x00000000080022e0      0x370 cmake/stm32cubemx/CMakeFiles/STM32_Drivers.dir/__/__/Drivers/STM32G0xx_HAL_Driver/Src/stm32g0xx_hal_rcc_ex.c.obj
                0x00000000080022e0                HAL_RCCEx_PeriphCLKConfig
 .text.HAL_GPIO_Init
                0x0000000008002650      0x2c8 cmake/stm32cubemx/CMakeFiles/STM32_Drivers.dir/__/__/Drivers/STM32G0xx_HAL_Driver/Src/stm32g0xx_hal_gpio.c.obj
                0x0000000008002650                HAL_GPIO_Init
 .text.HAL_GPIO_WritePin
                0x0000000008002918       0x3a cmake/stm32cubemx/CMakeFiles/STM32_Drivers.dir/__/__/Drivers/STM32G0xx_HAL_Driver/Src/stm32g0xx_hal_gpio.c.obj
                0x0000000008002918                HAL_GPIO_WritePin
 *fill*         0x0000000008002952        0x2 
 .text.HAL_DMA_Init
                0x0000000008002954      0x114 cmake/stm32cubemx/CMakeFiles/STM32_Drivers.dir/__/__/Drivers/STM32G0xx_HAL_Driver/Src/stm32g0xx_hal_dma.c.obj
                0x0000000008002954                HAL_DMA_Init
 .text.HAL_DMA_Start_IT
                0x0000000008002a68      0x10c cmake/stm32cubemx/CMakeFiles/STM32_Drivers.dir/__/__/Drivers/STM32G0xx_HAL_Driver/Src/stm32g0xx_hal_dma.c.obj
                0x0000000008002a68                HAL_DMA_Start_IT
 .text.HAL_DMA_Abort_IT
                0x0000000008002b74       0xd4 cmake/stm32cubemx/CMakeFiles/STM32_Drivers.dir/__/__/Drivers/STM32G0xx_HAL_Driver/Src/stm32g0xx_hal_dma.c.obj
                0x0000000008002b74                HAL_DMA_Abort_IT
 .text.HAL_DMA_IRQHandler
                0x0000000008002c48      0x164 cmake/stm32cubemx/CMakeFiles/STM32_Drivers.dir/__/__/Drivers/STM32G0xx_HAL_Driver/Src/stm32g0xx_hal_dma.c.obj
                0x0000000008002c48                HAL_DMA_IRQHandler
 .text.DMA_SetConfig
                0x0000000008002dac       0x80 cmake/stm32cubemx/CMakeFiles/STM32_Drivers.dir/__/__/Drivers/STM32G0xx_HAL_Driver/Src/stm32g0xx_hal_dma.c.obj
 .text.DMA_CalcDMAMUXChannelBaseAndMask
                0x0000000008002e2c       0x58 cmake/stm32cubemx/CMakeFiles/STM32_Drivers.dir/__/__/Drivers/STM32G0xx_HAL_Driver/Src/stm32g0xx_hal_dma.c.obj
 .text.DMA_CalcDMAMUXRequestGenBaseAndMask
                0x0000000008002e84       0x48 cmake/stm32cubemx/CMakeFiles/STM32_Drivers.dir/__/__/Drivers/STM32G0xx_HAL_Driver/Src/stm32g0xx_hal_dma.c.obj
 .text.HAL_PWREx_ControlVoltageScaling
                0x0000000008002ecc       0x80 cmake/stm32cubemx/CMakeFiles/STM32_Drivers.dir/__/__/Drivers/STM32G0xx_HAL_Driver/Src/stm32g0xx_hal_pwr_ex.c.obj
                0x0000000008002ecc                HAL_PWREx_ControlVoltageScaling
 .text.__NVIC_EnableIRQ
                0x0000000008002f4c       0x34 cmake/stm32cubemx/CMakeFiles/STM32_Drivers.dir/__/__/Drivers/STM32G0xx_HAL_Driver/Src/stm32g0xx_hal_cortex.c.obj
 .text.__NVIC_SetPriority
                0x0000000008002f80       0xdc cmake/stm32cubemx/CMakeFiles/STM32_Drivers.dir/__/__/Drivers/STM32G0xx_HAL_Driver/Src/stm32g0xx_hal_cortex.c.obj
 .text.SysTick_Config
                0x000000000800305c       0x48 cmake/stm32cubemx/CMakeFiles/STM32_Drivers.dir/__/__/Drivers/STM32G0xx_HAL_Driver/Src/stm32g0xx_hal_cortex.c.obj
 .text.HAL_NVIC_SetPriority
                0x00000000080030a4       0x2a cmake/stm32cubemx/CMakeFiles/STM32_Drivers.dir/__/__/Drivers/STM32G0xx_HAL_Driver/Src/stm32g0xx_hal_cortex.c.obj
                0x00000000080030a4                HAL_NVIC_SetPriority
 .text.HAL_NVIC_EnableIRQ
                0x00000000080030ce       0x20 cmake/stm32cubemx/CMakeFiles/STM32_Drivers.dir/__/__/Drivers/STM32G0xx_HAL_Driver/Src/stm32g0xx_hal_cortex.c.obj
                0x00000000080030ce                HAL_NVIC_EnableIRQ
 .text.HAL_SYSTICK_Config
                0x00000000080030ee       0x1a cmake/stm32cubemx/CMakeFiles/STM32_Drivers.dir/__/__/Drivers/STM32G0xx_HAL_Driver/Src/stm32g0xx_hal_cortex.c.obj
                0x00000000080030ee                HAL_SYSTICK_Config
 .text.HAL_Init
                0x0000000008003108       0x40 cmake/stm32cubemx/CMakeFiles/STM32_Drivers.dir/__/__/Drivers/STM32G0xx_HAL_Driver/Src/stm32g0xx_hal.c.obj
                0x0000000008003108                HAL_Init
 .text.HAL_InitTick
                0x0000000008003148       0x94 cmake/stm32cubemx/CMakeFiles/STM32_Drivers.dir/__/__/Drivers/STM32G0xx_HAL_Driver/Src/stm32g0xx_hal.c.obj
                0x0000000008003148                HAL_InitTick
 .text.HAL_IncTick
                0x00000000080031dc       0x24 cmake/stm32cubemx/CMakeFiles/STM32_Drivers.dir/__/__/Drivers/STM32G0xx_HAL_Driver/Src/stm32g0xx_hal.c.obj
                0x00000000080031dc                HAL_IncTick
 .text.HAL_GetTick
                0x0000000008003200       0x14 cmake/stm32cubemx/CMakeFiles/STM32_Drivers.dir/__/__/Drivers/STM32G0xx_HAL_Driver/Src/stm32g0xx_hal.c.obj
                0x0000000008003200                HAL_GetTick
 .text.HAL_Delay
                0x0000000008003214       0x48 cmake/stm32cubemx/CMakeFiles/STM32_Drivers.dir/__/__/Drivers/STM32G0xx_HAL_Driver/Src/stm32g0xx_hal.c.obj
                0x0000000008003214                HAL_Delay
 .text.HAL_DAC_Init
                0x000000000800325c       0x46 cmake/stm32cubemx/CMakeFiles/STM32_Drivers.dir/__/__/Drivers/STM32G0xx_HAL_Driver/Src/stm32g0xx_hal_dac.c.obj
                0x000000000800325c                HAL_DAC_Init
 *fill*         0x00000000080032a2        0x2 
 .text.HAL_DAC_ConfigChannel
                0x00000000080032a4      0x260 cmake/stm32cubemx/CMakeFiles/STM32_Drivers.dir/__/__/Drivers/STM32G0xx_HAL_Driver/Src/stm32g0xx_hal_dac.c.obj
                0x00000000080032a4                HAL_DAC_ConfigChannel
 .text.HAL_I2C_Init
                0x0000000008003504      0x14c cmake/stm32cubemx/CMakeFiles/STM32_Drivers.dir/__/__/Drivers/STM32G0xx_HAL_Driver/Src/stm32g0xx_hal_i2c.c.obj
                0x0000000008003504                HAL_I2C_Init
 .text.HAL_I2CEx_ConfigAnalogFilter
                0x0000000008003650       0x98 cmake/stm32cubemx/CMakeFiles/STM32_Drivers.dir/__/__/Drivers/STM32G0xx_HAL_Driver/Src/stm32g0xx_hal_i2c_ex.c.obj
                0x0000000008003650                HAL_I2CEx_ConfigAnalogFilter
 .text.HAL_I2CEx_ConfigDigitalFilter
                0x00000000080036e8       0x98 cmake/stm32cubemx/CMakeFiles/STM32_Drivers.dir/__/__/Drivers/STM32G0xx_HAL_Driver/Src/stm32g0xx_hal_i2c_ex.c.obj
                0x00000000080036e8                HAL_I2CEx_ConfigDigitalFilter
 .text.HAL_SPI_Init
                0x0000000008003780      0x170 cmake/stm32cubemx/CMakeFiles/STM32_Drivers.dir/__/__/Drivers/STM32G0xx_HAL_Driver/Src/stm32g0xx_hal_spi.c.obj
                0x0000000008003780                HAL_SPI_Init
 .text.HAL_TIM_Base_Init
                0x00000000080038f0       0xb0 cmake/stm32cubemx/CMakeFiles/STM32_Drivers.dir/__/__/Drivers/STM32G0xx_HAL_Driver/Src/stm32g0xx_hal_tim.c.obj
                0x00000000080038f0                HAL_TIM_Base_Init
 .text.HAL_TIM_PWM_Init
                0x00000000080039a0       0xb0 cmake/stm32cubemx/CMakeFiles/STM32_Drivers.dir/__/__/Drivers/STM32G0xx_HAL_Driver/Src/stm32g0xx_hal_tim.c.obj
                0x00000000080039a0                HAL_TIM_PWM_Init
 .text.HAL_TIM_PWM_Start_DMA
                0x0000000008003a50      0x400 cmake/stm32cubemx/CMakeFiles/STM32_Drivers.dir/__/__/Drivers/STM32G0xx_HAL_Driver/Src/stm32g0xx_hal_tim.c.obj
                0x0000000008003a50                HAL_TIM_PWM_Start_DMA
 .text.HAL_TIM_PWM_Stop_DMA
                0x0000000008003e50      0x1e0 cmake/stm32cubemx/CMakeFiles/STM32_Drivers.dir/__/__/Drivers/STM32G0xx_HAL_Driver/Src/stm32g0xx_hal_tim.c.obj
                0x0000000008003e50                HAL_TIM_PWM_Stop_DMA
 .text.HAL_TIM_PWM_ConfigChannel
                0x0000000008004030      0x200 cmake/stm32cubemx/CMakeFiles/STM32_Drivers.dir/__/__/Drivers/STM32G0xx_HAL_Driver/Src/stm32g0xx_hal_tim.c.obj
                0x0000000008004030                HAL_TIM_PWM_ConfigChannel
 .text.HAL_TIM_ConfigClockSource
                0x0000000008004230      0x1ac cmake/stm32cubemx/CMakeFiles/STM32_Drivers.dir/__/__/Drivers/STM32G0xx_HAL_Driver/Src/stm32g0xx_hal_tim.c.obj
                0x0000000008004230                HAL_TIM_ConfigClockSource
 .text.HAL_TIM_PWM_PulseFinishedHalfCpltCallback
                0x00000000080043dc       0x10 cmake/stm32cubemx/CMakeFiles/STM32_Drivers.dir/__/__/Drivers/STM32G0xx_HAL_Driver/Src/stm32g0xx_hal_tim.c.obj
                0x00000000080043dc                HAL_TIM_PWM_PulseFinishedHalfCpltCallback
 .text.HAL_TIM_ErrorCallback
                0x00000000080043ec       0x10 cmake/stm32cubemx/CMakeFiles/STM32_Drivers.dir/__/__/Drivers/STM32G0xx_HAL_Driver/Src/stm32g0xx_hal_tim.c.obj
                0x00000000080043ec                HAL_TIM_ErrorCallback
 .text.TIM_DMAError
                0x00000000080043fc       0x94 cmake/stm32cubemx/CMakeFiles/STM32_Drivers.dir/__/__/Drivers/STM32G0xx_HAL_Driver/Src/stm32g0xx_hal_tim.c.obj
                0x00000000080043fc                TIM_DMAError
 .text.TIM_DMADelayPulseCplt
                0x0000000008004490       0xaa cmake/stm32cubemx/CMakeFiles/STM32_Drivers.dir/__/__/Drivers/STM32G0xx_HAL_Driver/Src/stm32g0xx_hal_tim.c.obj
 .text.TIM_DMADelayPulseHalfCplt
                0x000000000800453a       0x6a cmake/stm32cubemx/CMakeFiles/STM32_Drivers.dir/__/__/Drivers/STM32G0xx_HAL_Driver/Src/stm32g0xx_hal_tim.c.obj
                0x000000000800453a                TIM_DMADelayPulseHalfCplt
 .text.TIM_Base_SetConfig
                0x00000000080045a4      0x11c cmake/stm32cubemx/CMakeFiles/STM32_Drivers.dir/__/__/Drivers/STM32G0xx_HAL_Driver/Src/stm32g0xx_hal_tim.c.obj
                0x00000000080045a4                TIM_Base_SetConfig
 .text.TIM_OC1_SetConfig
                0x00000000080046c0      0x114 cmake/stm32cubemx/CMakeFiles/STM32_Drivers.dir/__/__/Drivers/STM32G0xx_HAL_Driver/Src/stm32g0xx_hal_tim.c.obj
 .text.TIM_OC2_SetConfig
                0x00000000080047d4      0x108 cmake/stm32cubemx/CMakeFiles/STM32_Drivers.dir/__/__/Drivers/STM32G0xx_HAL_Driver/Src/stm32g0xx_hal_tim.c.obj
                0x00000000080047d4                TIM_OC2_SetConfig
 .text.TIM_OC3_SetConfig
                0x00000000080048dc      0x110 cmake/stm32cubemx/CMakeFiles/STM32_Drivers.dir/__/__/Drivers/STM32G0xx_HAL_Driver/Src/stm32g0xx_hal_tim.c.obj
 .text.TIM_OC4_SetConfig
                0x00000000080049ec       0xd4 cmake/stm32cubemx/CMakeFiles/STM32_Drivers.dir/__/__/Drivers/STM32G0xx_HAL_Driver/Src/stm32g0xx_hal_tim.c.obj
 .text.TIM_OC5_SetConfig
                0x0000000008004ac0       0xc0 cmake/stm32cubemx/CMakeFiles/STM32_Drivers.dir/__/__/Drivers/STM32G0xx_HAL_Driver/Src/stm32g0xx_hal_tim.c.obj
 .text.TIM_OC6_SetConfig
                0x0000000008004b80       0xc8 cmake/stm32cubemx/CMakeFiles/STM32_Drivers.dir/__/__/Drivers/STM32G0xx_HAL_Driver/Src/stm32g0xx_hal_tim.c.obj
 .text.TIM_TI1_ConfigInputStage
                0x0000000008004c48       0x5c cmake/stm32cubemx/CMakeFiles/STM32_Drivers.dir/__/__/Drivers/STM32G0xx_HAL_Driver/Src/stm32g0xx_hal_tim.c.obj
 .text.TIM_TI2_ConfigInputStage
                0x0000000008004ca4       0x64 cmake/stm32cubemx/CMakeFiles/STM32_Drivers.dir/__/__/Drivers/STM32G0xx_HAL_Driver/Src/stm32g0xx_hal_tim.c.obj
 .text.TIM_ITRx_SetConfig
                0x0000000008004d08       0x38 cmake/stm32cubemx/CMakeFiles/STM32_Drivers.dir/__/__/Drivers/STM32G0xx_HAL_Driver/Src/stm32g0xx_hal_tim.c.obj
 .text.TIM_ETR_SetConfig
                0x0000000008004d40       0x40 cmake/stm32cubemx/CMakeFiles/STM32_Drivers.dir/__/__/Drivers/STM32G0xx_HAL_Driver/Src/stm32g0xx_hal_tim.c.obj
                0x0000000008004d40                TIM_ETR_SetConfig
 .text.TIM_CCxChannelCmd
                0x0000000008004d80       0x46 cmake/stm32cubemx/CMakeFiles/STM32_Drivers.dir/__/__/Drivers/STM32G0xx_HAL_Driver/Src/stm32g0xx_hal_tim.c.obj
                0x0000000008004d80                TIM_CCxChannelCmd
 *fill*         0x0000000008004dc6        0x2 
 .text.HAL_TIMEx_MasterConfigSynchronization
                0x0000000008004dc8       0xdc cmake/stm32cubemx/CMakeFiles/STM32_Drivers.dir/__/__/Drivers/STM32G0xx_HAL_Driver/Src/stm32g0xx_hal_tim_ex.c.obj
                0x0000000008004dc8                HAL_TIMEx_MasterConfigSynchronization
 .text.HAL_TIMEx_ConfigBreakDeadTime
                0x0000000008004ea4      0x138 cmake/stm32cubemx/CMakeFiles/STM32_Drivers.dir/__/__/Drivers/STM32G0xx_HAL_Driver/Src/stm32g0xx_hal_tim_ex.c.obj
                0x0000000008004ea4                HAL_TIMEx_ConfigBreakDeadTime
 .text.Set_LED  0x0000000008004fdc       0x30 cmake/stm32cubemx/CMakeFiles/STM32_Drivers.dir/__/__/Drivers/Components/ws2812.c.obj
                0x0000000008004fdc                Set_LED
 .text.WS2812_Send
                0x000000000800500c       0xa4 cmake/stm32cubemx/CMakeFiles/STM32_Drivers.dir/__/__/Drivers/Components/ws2812.c.obj
                0x000000000800500c                WS2812_Send
 .text.ShowStatus
                0x00000000080050b0      0x178 cmake/stm32cubemx/CMakeFiles/STM32_Drivers.dir/__/__/Drivers/Libraries/status.c.obj
                0x00000000080050b0                ShowStatus
 .text.SetLED_color
                0x0000000008005228       0x3c cmake/stm32cubemx/CMakeFiles/STM32_Drivers.dir/__/__/Drivers/Libraries/status.c.obj
                0x0000000008005228                SetLED_color
 .text.SetLED_blink
                0x0000000008005264       0x2c cmake/stm32cubemx/CMakeFiles/STM32_Drivers.dir/__/__/Drivers/Libraries/status.c.obj
                0x0000000008005264                SetLED_blink
 .text.SetLED_pulse
                0x0000000008005290       0xc0 cmake/stm32cubemx/CMakeFiles/STM32_Drivers.dir/__/__/Drivers/Libraries/status.c.obj
                0x0000000008005290                SetLED_pulse
 .text.SetLED_slide
                0x0000000008005350      0x168 cmake/stm32cubemx/CMakeFiles/STM32_Drivers.dir/__/__/Drivers/Libraries/status.c.obj
                0x0000000008005350                SetLED_slide
 .text.Hex_to_RGB
                0x00000000080054b8       0x32 cmake/stm32cubemx/CMakeFiles/STM32_Drivers.dir/__/__/Drivers/Libraries/status.c.obj
                0x00000000080054b8                Hex_to_RGB
 *fill*         0x00000000080054ea        0x2 
 .text.main     0x00000000080054ec       0x58 CMakeFiles/SPARK.dir/Core/Src/main.c.obj
                0x00000000080054ec                main
 .text.SystemClock_Config
                0x0000000008005544       0x90 CMakeFiles/SPARK.dir/Core/Src/main.c.obj
                0x0000000008005544                SystemClock_Config
 .text.MX_ADC1_Init
                0x00000000080055d4       0xd4 CMakeFiles/SPARK.dir/Core/Src/main.c.obj
 .text.MX_DAC1_Init
                0x00000000080056a8       0x6c CMakeFiles/SPARK.dir/Core/Src/main.c.obj
 .text.MX_I2C2_Init
                0x0000000008005714       0x80 CMakeFiles/SPARK.dir/Core/Src/main.c.obj
 .text.MX_SPI1_Init
                0x0000000008005794       0x7c CMakeFiles/SPARK.dir/Core/Src/main.c.obj
 .text.MX_SPI2_Init
                0x0000000008005810       0x74 CMakeFiles/SPARK.dir/Core/Src/main.c.obj
 .text.MX_TIM1_Init
                0x0000000008005884      0x198 CMakeFiles/SPARK.dir/Core/Src/main.c.obj
 .text.MX_TIM2_Init
                0x0000000008005a1c       0xbc CMakeFiles/SPARK.dir/Core/Src/main.c.obj
 .text.MX_DMA_Init
                0x0000000008005ad8       0x4c CMakeFiles/SPARK.dir/Core/Src/main.c.obj
 .text.MX_GPIO_Init
                0x0000000008005b24      0x1ac CMakeFiles/SPARK.dir/Core/Src/main.c.obj
 .text.HAL_TIM_PWM_PulseFinishedCallback
                0x0000000008005cd0       0x3c CMakeFiles/SPARK.dir/Core/Src/main.c.obj
                0x0000000008005cd0                HAL_TIM_PWM_PulseFinishedCallback
 .text.Error_Handler
                0x0000000008005d0c        0xa CMakeFiles/SPARK.dir/Core/Src/main.c.obj
                0x0000000008005d0c                Error_Handler
 .text.NMI_Handler
                0x0000000008005d16        0x6 CMakeFiles/SPARK.dir/Core/Src/stm32g0xx_it.c.obj
                0x0000000008005d16                NMI_Handler
 .text.HardFault_Handler
                0x0000000008005d1c        0x6 CMakeFiles/SPARK.dir/Core/Src/stm32g0xx_it.c.obj
                0x0000000008005d1c                HardFault_Handler
 .text.SVC_Handler
                0x0000000008005d22        0xa CMakeFiles/SPARK.dir/Core/Src/stm32g0xx_it.c.obj
                0x0000000008005d22                SVC_Handler
 .text.PendSV_Handler
                0x0000000008005d2c        0xa CMakeFiles/SPARK.dir/Core/Src/stm32g0xx_it.c.obj
                0x0000000008005d2c                PendSV_Handler
 .text.SysTick_Handler
                0x0000000008005d36        0xe CMakeFiles/SPARK.dir/Core/Src/stm32g0xx_it.c.obj
                0x0000000008005d36                SysTick_Handler
 .text.DMA1_Channel1_IRQHandler
                0x0000000008005d44       0x18 CMakeFiles/SPARK.dir/Core/Src/stm32g0xx_it.c.obj
                0x0000000008005d44                DMA1_Channel1_IRQHandler
 .text.DMA1_Channel2_3_IRQHandler
                0x0000000008005d5c       0x18 CMakeFiles/SPARK.dir/Core/Src/stm32g0xx_it.c.obj
                0x0000000008005d5c                DMA1_Channel2_3_IRQHandler
 .text.HAL_MspInit
                0x0000000008005d74       0x48 CMakeFiles/SPARK.dir/Core/Src/stm32g0xx_hal_msp.c.obj
                0x0000000008005d74                HAL_MspInit
 .text.HAL_ADC_MspInit
                0x0000000008005dbc       0x88 CMakeFiles/SPARK.dir/Core/Src/stm32g0xx_hal_msp.c.obj
                0x0000000008005dbc                HAL_ADC_MspInit
 .text.HAL_DAC_MspInit
                0x0000000008005e44       0x88 CMakeFiles/SPARK.dir/Core/Src/stm32g0xx_hal_msp.c.obj
                0x0000000008005e44                HAL_DAC_MspInit
 .text.HAL_I2C_MspInit
                0x0000000008005ecc       0x98 CMakeFiles/SPARK.dir/Core/Src/stm32g0xx_hal_msp.c.obj
                0x0000000008005ecc                HAL_I2C_MspInit
 .text.HAL_SPI_MspInit
                0x0000000008005f64      0x138 CMakeFiles/SPARK.dir/Core/Src/stm32g0xx_hal_msp.c.obj
                0x0000000008005f64                HAL_SPI_MspInit
 .text.HAL_TIM_Base_MspInit
                0x000000000800609c       0xcc CMakeFiles/SPARK.dir/Core/Src/stm32g0xx_hal_msp.c.obj
                0x000000000800609c                HAL_TIM_Base_MspInit
 .text.HAL_TIM_PWM_MspInit
                0x0000000008006168       0x94 CMakeFiles/SPARK.dir/Core/Src/stm32g0xx_hal_msp.c.obj
                0x0000000008006168                HAL_TIM_PWM_MspInit
 .text.HAL_TIM_MspPostInit
                0x00000000080061fc       0xd0 CMakeFiles/SPARK.dir/Core/Src/stm32g0xx_hal_msp.c.obj
                0x00000000080061fc                HAL_TIM_MspPostInit
 .text.Reset_Handler
                0x00000000080062cc       0x50 CMakeFiles/SPARK.dir/startup_stm32g071xx.s.obj
                0x00000000080062cc                Reset_Handler
 .text.Default_Handler
                0x000000000800631c        0x2 CMakeFiles/SPARK.dir/startup_stm32g071xx.s.obj
                0x000000000800631c                USART3_4_LPUART1_IRQHandler
                0x000000000800631c                TIM1_CC_IRQHandler
                0x000000000800631c                ADC1_COMP_IRQHandler
                0x000000000800631c                PVD_IRQHandler
                0x000000000800631c                I2C1_IRQHandler
                0x000000000800631c                TIM7_LPTIM2_IRQHandler
                0x000000000800631c                RTC_TAMP_IRQHandler
                0x000000000800631c                SPI1_IRQHandler
                0x000000000800631c                EXTI2_3_IRQHandler
                0x000000000800631c                I2C2_IRQHandler
                0x000000000800631c                TIM17_IRQHandler
                0x000000000800631c                TIM16_IRQHandler
                0x000000000800631c                TIM3_IRQHandler
                0x000000000800631c                EXTI4_15_IRQHandler
                0x000000000800631c                RCC_IRQHandler
                0x000000000800631c                Default_Handler
                0x000000000800631c                CEC_IRQHandler
                0x000000000800631c                TIM14_IRQHandler
                0x000000000800631c                TIM15_IRQHandler
                0x000000000800631c                EXTI0_1_IRQHandler
                0x000000000800631c                SPI2_IRQHandler
                0x000000000800631c                TIM6_DAC_LPTIM1_IRQHandler
                0x000000000800631c                WWDG_IRQHandler
                0x000000000800631c                TIM2_IRQHandler
                0x000000000800631c                DMA1_Ch4_7_DMAMUX1_OVR_IRQHandler
                0x000000000800631c                UCPD1_2_IRQHandler
                0x000000000800631c                USART2_IRQHandler
                0x000000000800631c                FLASH_IRQHandler
                0x000000000800631c                USART1_IRQHandler
                0x000000000800631c                TIM1_BRK_UP_TRG_COM_IRQHandler
 .text.memset   0x000000000800631e       0x10 C:/ST/STM32CubeCLT/GNU-tools-for-STM32/bin/../lib/gcc/arm-none-eabi/11.3.1/../../../../arm-none-eabi/lib/thumb/v6-m/nofp\libg_nano.a(libc_a-memset.o)
                0x000000000800631e                memset
 *fill*         0x000000000800632e        0x2 
 .text.__libc_init_array
                0x0000000008006330       0x48 C:/ST/STM32CubeCLT/GNU-tools-for-STM32/bin/../lib/gcc/arm-none-eabi/11.3.1/../../../../arm-none-eabi/lib/thumb/v6-m/nofp\libg_nano.a(libc_a-init.o)
                0x0000000008006330                __libc_init_array
 *(.glue_7)
 .glue_7        0x0000000008006378        0x0 linker stubs
 *(.glue_7t)
 .glue_7t       0x0000000008006378        0x0 linker stubs
 *(.eh_frame)
 .eh_frame      0x0000000008006378        0x0 C:/ST/STM32CubeCLT/GNU-tools-for-STM32/bin/../lib/gcc/arm-none-eabi/11.3.1/thumb/v6-m/nofp/crtbegin.o
 *(.init)
 .init          0x0000000008006378        0x4 C:/ST/STM32CubeCLT/GNU-tools-for-STM32/bin/../lib/gcc/arm-none-eabi/11.3.1/thumb/v6-m/nofp/crti.o
                0x0000000008006378                _init
 .init          0x000000000800637c        0x8 C:/ST/STM32CubeCLT/GNU-tools-for-STM32/bin/../lib/gcc/arm-none-eabi/11.3.1/thumb/v6-m/nofp/crtn.o
 *(.fini)
 .fini          0x0000000008006384        0x4 C:/ST/STM32CubeCLT/GNU-tools-for-STM32/bin/../lib/gcc/arm-none-eabi/11.3.1/thumb/v6-m/nofp/crti.o
                0x0000000008006384                _fini
 .fini          0x0000000008006388        0x8 C:/ST/STM32CubeCLT/GNU-tools-for-STM32/bin/../lib/gcc/arm-none-eabi/11.3.1/thumb/v6-m/nofp/crtn.o
                0x0000000008006390                . = ALIGN (0x4)
                0x0000000008006390                _etext = .

.vfp11_veneer   0x0000000008006390        0x0
 .vfp11_veneer  0x0000000008006390        0x0 linker stubs

.v4_bx          0x0000000008006390        0x0
 .v4_bx         0x0000000008006390        0x0 linker stubs

.iplt           0x0000000008006390        0x0
 .iplt          0x0000000008006390        0x0 C:/ST/STM32CubeCLT/GNU-tools-for-STM32/bin/../lib/gcc/arm-none-eabi/11.3.1/thumb/v6-m/nofp/crtbegin.o

.rodata         0x0000000008006390      0x13c
                0x0000000008006390                . = ALIGN (0x4)
 *(.rodata)
 .rodata        0x0000000008006390       0x80 C:/ST/STM32CubeCLT/GNU-tools-for-STM32/bin/../lib/gcc/arm-none-eabi/11.3.1/thumb/v6-m/nofp\libgcc.a(divsf3.o)
 *(.rodata*)
 .rodata.AHBPrescTable
                0x0000000008006410       0x40 cmake/stm32cubemx/CMakeFiles/STM32_Drivers.dir/__/__/Core/Src/system_stm32g0xx.c.obj
                0x0000000008006410                AHBPrescTable
 .rodata.HAL_TIM_PWM_ConfigChannel
                0x0000000008006450       0x54 cmake/stm32cubemx/CMakeFiles/STM32_Drivers.dir/__/__/Drivers/STM32G0xx_HAL_Driver/Src/stm32g0xx_hal_tim.c.obj
 .rodata.ShowStatus
                0x00000000080064a4       0x28 cmake/stm32cubemx/CMakeFiles/STM32_Drivers.dir/__/__/Drivers/Libraries/status.c.obj
                0x00000000080064cc                . = ALIGN (0x4)

.ARM.extab      0x00000000080064cc        0x0
                0x00000000080064cc                . = ALIGN (0x4)
 *(.ARM.extab* .gnu.linkonce.armextab.*)
                0x00000000080064cc                . = ALIGN (0x4)

.ARM            0x00000000080064cc        0x0
                0x00000000080064cc                . = ALIGN (0x4)
                0x00000000080064cc                __exidx_start = .
 *(.ARM.exidx*)
                0x00000000080064cc                __exidx_end = .
                0x00000000080064cc                . = ALIGN (0x4)

.preinit_array  0x00000000080064cc        0x0
                0x00000000080064cc                . = ALIGN (0x4)
                0x00000000080064cc                PROVIDE (__preinit_array_start = .)
 *(.preinit_array*)
                0x00000000080064cc                PROVIDE (__preinit_array_end = .)
                0x00000000080064cc                . = ALIGN (0x4)

.init_array     0x00000000080064cc        0x4
                0x00000000080064cc                . = ALIGN (0x4)
                0x00000000080064cc                PROVIDE (__init_array_start = .)
 *(SORT_BY_NAME(.init_array.*))
 *(.init_array*)
 .init_array    0x00000000080064cc        0x4 C:/ST/STM32CubeCLT/GNU-tools-for-STM32/bin/../lib/gcc/arm-none-eabi/11.3.1/thumb/v6-m/nofp/crtbegin.o
                0x00000000080064d0                PROVIDE (__init_array_end = .)
                0x00000000080064d0                . = ALIGN (0x4)

.fini_array     0x00000000080064d0        0x4
                0x00000000080064d0                . = ALIGN (0x4)
                [!provide]                        PROVIDE (__fini_array_start = .)
 *(SORT_BY_NAME(.fini_array.*))
 *(.fini_array*)
 .fini_array    0x00000000080064d0        0x4 C:/ST/STM32CubeCLT/GNU-tools-for-STM32/bin/../lib/gcc/arm-none-eabi/11.3.1/thumb/v6-m/nofp/crtbegin.o
                [!provide]                        PROVIDE (__fini_array_end = .)
                0x00000000080064d4                . = ALIGN (0x4)
                0x00000000080064d4                _sidata = LOADADDR (.data)

.rel.dyn        0x00000000080064d4        0x0
 .rel.iplt      0x00000000080064d4        0x0 C:/ST/STM32CubeCLT/GNU-tools-for-STM32/bin/../lib/gcc/arm-none-eabi/11.3.1/thumb/v6-m/nofp/crtbegin.o

.data           0x0000000020000000        0xc load address 0x00000000080064d4
                0x0000000020000000                . = ALIGN (0x4)
                0x0000000020000000                _sdata = .
 *(.data)
 *(.data*)
 .data.SystemCoreClock
                0x0000000020000000        0x4 cmake/stm32cubemx/CMakeFiles/STM32_Drivers.dir/__/__/Core/Src/system_stm32g0xx.c.obj
                0x0000000020000000                SystemCoreClock
 .data.uwTickPrio
                0x0000000020000004        0x4 cmake/stm32cubemx/CMakeFiles/STM32_Drivers.dir/__/__/Drivers/STM32G0xx_HAL_Driver/Src/stm32g0xx_hal.c.obj
                0x0000000020000004                uwTickPrio
 .data.uwTickFreq
                0x0000000020000008        0x1 cmake/stm32cubemx/CMakeFiles/STM32_Drivers.dir/__/__/Drivers/STM32G0xx_HAL_Driver/Src/stm32g0xx_hal.c.obj
                0x0000000020000008                uwTickFreq
 *(.RamFunc)
 *(.RamFunc*)
                0x000000002000000c                . = ALIGN (0x4)
 *fill*         0x0000000020000009        0x3 

.igot.plt       0x000000002000000c        0x0 load address 0x00000000080064e0
 .igot.plt      0x000000002000000c        0x0 C:/ST/STM32CubeCLT/GNU-tools-for-STM32/bin/../lib/gcc/arm-none-eabi/11.3.1/thumb/v6-m/nofp/crtbegin.o

.tdata          0x000000002000000c        0x0 load address 0x00000000080064e0
 *(.tdata .tdata.* .gnu.linkonce.td.*)
                0x000000002000000c                . = ALIGN (0x4)
                0x000000002000000c                _edata = .
                [!provide]                        PROVIDE (__data_end = .)
                [!provide]                        PROVIDE (__tdata_end = .)
                [!provide]                        PROVIDE (__tdata_start = ADDR (.tdata))
                [!provide]                        PROVIDE (__tdata_size = (__tdata_end - __tdata_start))
                [!provide]                        PROVIDE (__data_start = ADDR (.data))
                [!provide]                        PROVIDE (__data_size = (__data_end - __data_start))
                [!provide]                        PROVIDE (__tdata_source = LOADADDR (.tdata))
                [!provide]                        PROVIDE (__tdata_source_end = (LOADADDR (.tdata) + SIZEOF (.tdata)))
                [!provide]                        PROVIDE (__tdata_source_size = (__tdata_source_end - __tdata_source))
                [!provide]                        PROVIDE (__data_source = LOADADDR (.data))
                [!provide]                        PROVIDE (__data_source_end = __tdata_source_end)
                [!provide]                        PROVIDE (__data_source_size = (__data_source_end - __data_source))

.tbss           0x000000002000000c        0x0 load address 0x00000000080064e0
                0x000000002000000c                _sbss = .
                0x000000002000000c                __bss_start__ = _sbss
 *(.tbss .tbss.*)
                0x000000002000000c                . = ALIGN (0x4)
                [!provide]                        PROVIDE (__tbss_end = .)
                [!provide]                        PROVIDE (__tbss_start = ADDR (.tbss))
                [!provide]                        PROVIDE (__tbss_size = (__tbss_end - __tbss_start))
                [!provide]                        PROVIDE (__tbss_offset = (ADDR (.tbss) - ADDR (.tdata)))
                [!provide]                        PROVIDE (__tls_base = __tdata_start)
                [!provide]                        PROVIDE (__tls_end = __tbss_end)
                [!provide]                        PROVIDE (__tls_size = (__tls_end - __tls_base))
                [!provide]                        PROVIDE (__tls_align = MAX (ALIGNOF (.tdata), ALIGNOF (.tbss)))
                [!provide]                        PROVIDE (__tls_size_align = (((__tls_size + __tls_align) - 0x1) & ~ ((__tls_align - 0x1))))
                [!provide]                        PROVIDE (__arm32_tls_tcb_offset = MAX (0x8, __tls_align))
                [!provide]                        PROVIDE (__arm64_tls_tcb_offset = MAX (0x10, __tls_align))

.bss            0x000000002000000c      0x360 load address 0x00000000080064e0
 *(.bss)
 .bss           0x000000002000000c       0x1c C:/ST/STM32CubeCLT/GNU-tools-for-STM32/bin/../lib/gcc/arm-none-eabi/11.3.1/thumb/v6-m/nofp/crtbegin.o
 *(.bss*)
 .bss.uwTick    0x0000000020000028        0x4 cmake/stm32cubemx/CMakeFiles/STM32_Drivers.dir/__/__/Drivers/STM32G0xx_HAL_Driver/Src/stm32g0xx_hal.c.obj
                0x0000000020000028                uwTick
 .bss.LED_Data  0x000000002000002c        0x3 cmake/stm32cubemx/CMakeFiles/STM32_Drivers.dir/__/__/Drivers/Components/ws2812.c.obj
                0x000000002000002c                LED_Data
 *fill*         0x000000002000002f        0x1 
 .bss.pwmData_RGB
                0x0000000020000030       0x4a cmake/stm32cubemx/CMakeFiles/STM32_Drivers.dir/__/__/Drivers/Components/ws2812.c.obj
                0x0000000020000030                pwmData_RGB
 *fill*         0x000000002000007a        0x2 
 .bss.LED_pulse
                0x000000002000007c        0x4 cmake/stm32cubemx/CMakeFiles/STM32_Drivers.dir/__/__/Drivers/Libraries/status.c.obj
                0x000000002000007c                LED_pulse
 .bss.LED_blink
                0x0000000020000080        0x1 cmake/stm32cubemx/CMakeFiles/STM32_Drivers.dir/__/__/Drivers/Libraries/status.c.obj
                0x0000000020000080                LED_blink
 *fill*         0x0000000020000081        0x3 
 .bss.hadc1     0x0000000020000084       0x64 CMakeFiles/SPARK.dir/Core/Src/main.c.obj
                0x0000000020000084                hadc1
 .bss.hdac1     0x00000000200000e8       0x14 CMakeFiles/SPARK.dir/Core/Src/main.c.obj
                0x00000000200000e8                hdac1
 .bss.hi2c2     0x00000000200000fc       0x54 CMakeFiles/SPARK.dir/Core/Src/main.c.obj
                0x00000000200000fc                hi2c2
 .bss.hspi1     0x0000000020000150       0x64 CMakeFiles/SPARK.dir/Core/Src/main.c.obj
                0x0000000020000150                hspi1
 .bss.hspi2     0x00000000200001b4       0x64 CMakeFiles/SPARK.dir/Core/Src/main.c.obj
                0x00000000200001b4                hspi2
 .bss.htim1     0x0000000020000218       0x4c CMakeFiles/SPARK.dir/Core/Src/main.c.obj
                0x0000000020000218                htim1
 .bss.htim2     0x0000000020000264       0x4c CMakeFiles/SPARK.dir/Core/Src/main.c.obj
                0x0000000020000264                htim2
 .bss.hdma_tim1_ch1
                0x00000000200002b0       0x5c CMakeFiles/SPARK.dir/Core/Src/main.c.obj
                0x00000000200002b0                hdma_tim1_ch1
 .bss.hdma_tim2_ch1
                0x000000002000030c       0x5c CMakeFiles/SPARK.dir/Core/Src/main.c.obj
                0x000000002000030c                hdma_tim2_ch1
 .bss.dma_waiting_ws2812
                0x0000000020000368        0x1 CMakeFiles/SPARK.dir/Core/Src/main.c.obj
                0x0000000020000368                dma_waiting_ws2812
 .bss.SPARK_status
                0x0000000020000369        0x1 CMakeFiles/SPARK.dir/Core/Src/main.c.obj
                0x0000000020000369                SPARK_status
 *(COMMON)
                0x000000002000036c                . = ALIGN (0x4)
 *fill*         0x000000002000036a        0x2 
                0x000000002000036c                _ebss = .
                0x000000002000036c                __bss_end__ = _ebss
                [!provide]                        PROVIDE (__bss_end = .)
                [!provide]                        PROVIDE (__non_tls_bss_start = ADDR (.bss))
                [!provide]                        PROVIDE (__bss_start = __tbss_start)
                [!provide]                        PROVIDE (__bss_size = (__bss_end - __bss_start))

._user_heap_stack
                0x000000002000036c      0x604 load address 0x00000000080064e0
                0x0000000020000370                . = ALIGN (0x8)
 *fill*         0x000000002000036c        0x4 
                [!provide]                        PROVIDE (end = .)
                0x0000000020000370                PROVIDE (_end = .)
                0x0000000020000570                . = (. + _Min_Heap_Size)
 *fill*         0x0000000020000370      0x200 
                0x0000000020000970                . = (. + _Min_Stack_Size)
 *fill*         0x0000000020000570      0x400 
                0x0000000020000970                . = ALIGN (0x8)

/DISCARD/
 libc.a:*(*)
 libm.a:*(*)
 libgcc.a:*(*)
OUTPUT(SPARK.elf elf32-littlearm)
LOAD linker stubs

.ARM.attributes
                0x0000000000000000       0x28
 .ARM.attributes
                0x0000000000000000       0x1e C:/ST/STM32CubeCLT/GNU-tools-for-STM32/bin/../lib/gcc/arm-none-eabi/11.3.1/thumb/v6-m/nofp/crti.o
 .ARM.attributes
                0x000000000000001e       0x2c C:/ST/STM32CubeCLT/GNU-tools-for-STM32/bin/../lib/gcc/arm-none-eabi/11.3.1/thumb/v6-m/nofp/crtbegin.o
 .ARM.attributes
                0x000000000000004a       0x2c cmake/stm32cubemx/CMakeFiles/STM32_Drivers.dir/__/__/Core/Src/system_stm32g0xx.c.obj
 .ARM.attributes
                0x0000000000000076       0x2c cmake/stm32cubemx/CMakeFiles/STM32_Drivers.dir/__/__/Drivers/STM32G0xx_HAL_Driver/Src/stm32g0xx_hal_adc.c.obj
 .ARM.attributes
                0x00000000000000a2       0x2c cmake/stm32cubemx/CMakeFiles/STM32_Drivers.dir/__/__/Drivers/STM32G0xx_HAL_Driver/Src/stm32g0xx_hal_rcc.c.obj
 .ARM.attributes
                0x00000000000000ce       0x2c cmake/stm32cubemx/CMakeFiles/STM32_Drivers.dir/__/__/Drivers/STM32G0xx_HAL_Driver/Src/stm32g0xx_hal_rcc_ex.c.obj
 .ARM.attributes
                0x00000000000000fa       0x2c cmake/stm32cubemx/CMakeFiles/STM32_Drivers.dir/__/__/Drivers/STM32G0xx_HAL_Driver/Src/stm32g0xx_hal_gpio.c.obj
 .ARM.attributes
                0x0000000000000126       0x2c cmake/stm32cubemx/CMakeFiles/STM32_Drivers.dir/__/__/Drivers/STM32G0xx_HAL_Driver/Src/stm32g0xx_hal_dma.c.obj
 .ARM.attributes
                0x0000000000000152       0x2c cmake/stm32cubemx/CMakeFiles/STM32_Drivers.dir/__/__/Drivers/STM32G0xx_HAL_Driver/Src/stm32g0xx_hal_pwr_ex.c.obj
 .ARM.attributes
                0x000000000000017e       0x2c cmake/stm32cubemx/CMakeFiles/STM32_Drivers.dir/__/__/Drivers/STM32G0xx_HAL_Driver/Src/stm32g0xx_hal_cortex.c.obj
 .ARM.attributes
                0x00000000000001aa       0x2c cmake/stm32cubemx/CMakeFiles/STM32_Drivers.dir/__/__/Drivers/STM32G0xx_HAL_Driver/Src/stm32g0xx_hal.c.obj
 .ARM.attributes
                0x00000000000001d6       0x2c cmake/stm32cubemx/CMakeFiles/STM32_Drivers.dir/__/__/Drivers/STM32G0xx_HAL_Driver/Src/stm32g0xx_hal_dac.c.obj
 .ARM.attributes
                0x0000000000000202       0x2c cmake/stm32cubemx/CMakeFiles/STM32_Drivers.dir/__/__/Drivers/STM32G0xx_HAL_Driver/Src/stm32g0xx_hal_i2c.c.obj
 .ARM.attributes
                0x000000000000022e       0x2c cmake/stm32cubemx/CMakeFiles/STM32_Drivers.dir/__/__/Drivers/STM32G0xx_HAL_Driver/Src/stm32g0xx_hal_i2c_ex.c.obj
 .ARM.attributes
                0x000000000000025a       0x2c cmake/stm32cubemx/CMakeFiles/STM32_Drivers.dir/__/__/Drivers/STM32G0xx_HAL_Driver/Src/stm32g0xx_hal_spi.c.obj
 .ARM.attributes
                0x0000000000000286       0x2c cmake/stm32cubemx/CMakeFiles/STM32_Drivers.dir/__/__/Drivers/STM32G0xx_HAL_Driver/Src/stm32g0xx_hal_tim.c.obj
 .ARM.attributes
                0x00000000000002b2       0x2c cmake/stm32cubemx/CMakeFiles/STM32_Drivers.dir/__/__/Drivers/STM32G0xx_HAL_Driver/Src/stm32g0xx_hal_tim_ex.c.obj
 .ARM.attributes
                0x00000000000002de       0x2c cmake/stm32cubemx/CMakeFiles/STM32_Drivers.dir/__/__/Drivers/Components/ws2812.c.obj
 .ARM.attributes
                0x000000000000030a       0x2c cmake/stm32cubemx/CMakeFiles/STM32_Drivers.dir/__/__/Drivers/Libraries/status.c.obj
 .ARM.attributes
                0x0000000000000336       0x2c CMakeFiles/SPARK.dir/Core/Src/main.c.obj
 .ARM.attributes
                0x0000000000000362       0x2c CMakeFiles/SPARK.dir/Core/Src/stm32g0xx_it.c.obj
 .ARM.attributes
                0x000000000000038e       0x2c CMakeFiles/SPARK.dir/Core/Src/stm32g0xx_hal_msp.c.obj
 .ARM.attributes
                0x00000000000003ba       0x22 CMakeFiles/SPARK.dir/startup_stm32g071xx.s.obj
 .ARM.attributes
                0x00000000000003dc       0x1e C:/ST/STM32CubeCLT/GNU-tools-for-STM32/bin/../lib/gcc/arm-none-eabi/11.3.1/thumb/v6-m/nofp\libgcc.a(_udivsi3.o)
 .ARM.attributes
                0x00000000000003fa       0x1e C:/ST/STM32CubeCLT/GNU-tools-for-STM32/bin/../lib/gcc/arm-none-eabi/11.3.1/thumb/v6-m/nofp\libgcc.a(_dvmd_tls.o)
 .ARM.attributes
                0x0000000000000418       0x1e C:/ST/STM32CubeCLT/GNU-tools-for-STM32/bin/../lib/gcc/arm-none-eabi/11.3.1/thumb/v6-m/nofp\libgcc.a(_arm_cmpsf2.o)
 .ARM.attributes
                0x0000000000000436       0x2c C:/ST/STM32CubeCLT/GNU-tools-for-STM32/bin/../lib/gcc/arm-none-eabi/11.3.1/thumb/v6-m/nofp\libgcc.a(_fixunssfsi.o)
 .ARM.attributes
                0x0000000000000462       0x2c C:/ST/STM32CubeCLT/GNU-tools-for-STM32/bin/../lib/gcc/arm-none-eabi/11.3.1/thumb/v6-m/nofp\libgcc.a(addsf3.o)
 .ARM.attributes
                0x000000000000048e       0x2c C:/ST/STM32CubeCLT/GNU-tools-for-STM32/bin/../lib/gcc/arm-none-eabi/11.3.1/thumb/v6-m/nofp\libgcc.a(divsf3.o)
 .ARM.attributes
                0x00000000000004ba       0x2c C:/ST/STM32CubeCLT/GNU-tools-for-STM32/bin/../lib/gcc/arm-none-eabi/11.3.1/thumb/v6-m/nofp\libgcc.a(eqsf2.o)
 .ARM.attributes
                0x00000000000004e6       0x2c C:/ST/STM32CubeCLT/GNU-tools-for-STM32/bin/../lib/gcc/arm-none-eabi/11.3.1/thumb/v6-m/nofp\libgcc.a(gesf2.o)
 .ARM.attributes
                0x0000000000000512       0x2c C:/ST/STM32CubeCLT/GNU-tools-for-STM32/bin/../lib/gcc/arm-none-eabi/11.3.1/thumb/v6-m/nofp\libgcc.a(lesf2.o)
 .ARM.attributes
                0x000000000000053e       0x2c C:/ST/STM32CubeCLT/GNU-tools-for-STM32/bin/../lib/gcc/arm-none-eabi/11.3.1/thumb/v6-m/nofp\libgcc.a(mulsf3.o)
 .ARM.attributes
                0x000000000000056a       0x2c C:/ST/STM32CubeCLT/GNU-tools-for-STM32/bin/../lib/gcc/arm-none-eabi/11.3.1/thumb/v6-m/nofp\libgcc.a(subsf3.o)
 .ARM.attributes
                0x0000000000000596       0x2c C:/ST/STM32CubeCLT/GNU-tools-for-STM32/bin/../lib/gcc/arm-none-eabi/11.3.1/thumb/v6-m/nofp\libgcc.a(fixsfsi.o)
 .ARM.attributes
                0x00000000000005c2       0x2c C:/ST/STM32CubeCLT/GNU-tools-for-STM32/bin/../lib/gcc/arm-none-eabi/11.3.1/thumb/v6-m/nofp\libgcc.a(floatsisf.o)
 .ARM.attributes
                0x00000000000005ee       0x1e C:/ST/STM32CubeCLT/GNU-tools-for-STM32/bin/../lib/gcc/arm-none-eabi/11.3.1/thumb/v6-m/nofp\libgcc.a(_clzsi2.o)
 .ARM.attributes
                0x000000000000060c       0x2c C:/ST/STM32CubeCLT/GNU-tools-for-STM32/bin/../lib/gcc/arm-none-eabi/11.3.1/../../../../arm-none-eabi/lib/thumb/v6-m/nofp\libg_nano.a(libc_a-memset.o)
 .ARM.attributes
                0x0000000000000638       0x2c C:/ST/STM32CubeCLT/GNU-tools-for-STM32/bin/../lib/gcc/arm-none-eabi/11.3.1/../../../../arm-none-eabi/lib/thumb/v6-m/nofp\libg_nano.a(libc_a-init.o)
 .ARM.attributes
                0x0000000000000664       0x1e C:/ST/STM32CubeCLT/GNU-tools-for-STM32/bin/../lib/gcc/arm-none-eabi/11.3.1/thumb/v6-m/nofp/crtn.o

.comment        0x0000000000000000       0x43
 .comment       0x0000000000000000       0x43 C:/ST/STM32CubeCLT/GNU-tools-for-STM32/bin/../lib/gcc/arm-none-eabi/11.3.1/thumb/v6-m/nofp/crtbegin.o
                                         0x44 (size before relaxing)
 .comment       0x0000000000000043       0x44 cmake/stm32cubemx/CMakeFiles/STM32_Drivers.dir/__/__/Core/Src/system_stm32g0xx.c.obj
 .comment       0x0000000000000043       0x44 cmake/stm32cubemx/CMakeFiles/STM32_Drivers.dir/__/__/Drivers/STM32G0xx_HAL_Driver/Src/stm32g0xx_hal_adc.c.obj
 .comment       0x0000000000000043       0x44 cmake/stm32cubemx/CMakeFiles/STM32_Drivers.dir/__/__/Drivers/STM32G0xx_HAL_Driver/Src/stm32g0xx_hal_rcc.c.obj
 .comment       0x0000000000000043       0x44 cmake/stm32cubemx/CMakeFiles/STM32_Drivers.dir/__/__/Drivers/STM32G0xx_HAL_Driver/Src/stm32g0xx_hal_rcc_ex.c.obj
 .comment       0x0000000000000043       0x44 cmake/stm32cubemx/CMakeFiles/STM32_Drivers.dir/__/__/Drivers/STM32G0xx_HAL_Driver/Src/stm32g0xx_hal_gpio.c.obj
 .comment       0x0000000000000043       0x44 cmake/stm32cubemx/CMakeFiles/STM32_Drivers.dir/__/__/Drivers/STM32G0xx_HAL_Driver/Src/stm32g0xx_hal_dma.c.obj
 .comment       0x0000000000000043       0x44 cmake/stm32cubemx/CMakeFiles/STM32_Drivers.dir/__/__/Drivers/STM32G0xx_HAL_Driver/Src/stm32g0xx_hal_pwr_ex.c.obj
 .comment       0x0000000000000043       0x44 cmake/stm32cubemx/CMakeFiles/STM32_Drivers.dir/__/__/Drivers/STM32G0xx_HAL_Driver/Src/stm32g0xx_hal_cortex.c.obj
 .comment       0x0000000000000043       0x44 cmake/stm32cubemx/CMakeFiles/STM32_Drivers.dir/__/__/Drivers/STM32G0xx_HAL_Driver/Src/stm32g0xx_hal.c.obj
 .comment       0x0000000000000043       0x44 cmake/stm32cubemx/CMakeFiles/STM32_Drivers.dir/__/__/Drivers/STM32G0xx_HAL_Driver/Src/stm32g0xx_hal_dac.c.obj
 .comment       0x0000000000000043       0x44 cmake/stm32cubemx/CMakeFiles/STM32_Drivers.dir/__/__/Drivers/STM32G0xx_HAL_Driver/Src/stm32g0xx_hal_i2c.c.obj
 .comment       0x0000000000000043       0x44 cmake/stm32cubemx/CMakeFiles/STM32_Drivers.dir/__/__/Drivers/STM32G0xx_HAL_Driver/Src/stm32g0xx_hal_i2c_ex.c.obj
 .comment       0x0000000000000043       0x44 cmake/stm32cubemx/CMakeFiles/STM32_Drivers.dir/__/__/Drivers/STM32G0xx_HAL_Driver/Src/stm32g0xx_hal_spi.c.obj
 .comment       0x0000000000000043       0x44 cmake/stm32cubemx/CMakeFiles/STM32_Drivers.dir/__/__/Drivers/STM32G0xx_HAL_Driver/Src/stm32g0xx_hal_tim.c.obj
 .comment       0x0000000000000043       0x44 cmake/stm32cubemx/CMakeFiles/STM32_Drivers.dir/__/__/Drivers/STM32G0xx_HAL_Driver/Src/stm32g0xx_hal_tim_ex.c.obj
 .comment       0x0000000000000043       0x44 cmake/stm32cubemx/CMakeFiles/STM32_Drivers.dir/__/__/Drivers/Components/ws2812.c.obj
 .comment       0x0000000000000043       0x44 cmake/stm32cubemx/CMakeFiles/STM32_Drivers.dir/__/__/Drivers/Libraries/status.c.obj
 .comment       0x0000000000000043       0x44 CMakeFiles/SPARK.dir/Core/Src/main.c.obj
 .comment       0x0000000000000043       0x44 CMakeFiles/SPARK.dir/Core/Src/stm32g0xx_it.c.obj
 .comment       0x0000000000000043       0x44 CMakeFiles/SPARK.dir/Core/Src/stm32g0xx_hal_msp.c.obj
 .comment       0x0000000000000043       0x44 C:/ST/STM32CubeCLT/GNU-tools-for-STM32/bin/../lib/gcc/arm-none-eabi/11.3.1/../../../../arm-none-eabi/lib/thumb/v6-m/nofp\libg_nano.a(libc_a-memset.o)
 .comment       0x0000000000000043       0x44 C:/ST/STM32CubeCLT/GNU-tools-for-STM32/bin/../lib/gcc/arm-none-eabi/11.3.1/../../../../arm-none-eabi/lib/thumb/v6-m/nofp\libg_nano.a(libc_a-init.o)

.debug_info     0x0000000000000000    0x1346f
 .debug_info    0x0000000000000000      0x316 cmake/stm32cubemx/CMakeFiles/STM32_Drivers.dir/__/__/Core/Src/system_stm32g0xx.c.obj
 .debug_info    0x0000000000000316     0x1581 cmake/stm32cubemx/CMakeFiles/STM32_Drivers.dir/__/__/Drivers/STM32G0xx_HAL_Driver/Src/stm32g0xx_hal_adc.c.obj
 .debug_info    0x0000000000001897      0xb1b cmake/stm32cubemx/CMakeFiles/STM32_Drivers.dir/__/__/Drivers/STM32G0xx_HAL_Driver/Src/stm32g0xx_hal_rcc.c.obj
 .debug_info    0x00000000000023b2      0x77f cmake/stm32cubemx/CMakeFiles/STM32_Drivers.dir/__/__/Drivers/STM32G0xx_HAL_Driver/Src/stm32g0xx_hal_rcc_ex.c.obj
 .debug_info    0x0000000000002b31      0x5b9 cmake/stm32cubemx/CMakeFiles/STM32_Drivers.dir/__/__/Drivers/STM32G0xx_HAL_Driver/Src/stm32g0xx_hal_gpio.c.obj
 .debug_info    0x00000000000030ea      0x860 cmake/stm32cubemx/CMakeFiles/STM32_Drivers.dir/__/__/Drivers/STM32G0xx_HAL_Driver/Src/stm32g0xx_hal_dma.c.obj
 .debug_info    0x000000000000394a      0x7c1 cmake/stm32cubemx/CMakeFiles/STM32_Drivers.dir/__/__/Drivers/STM32G0xx_HAL_Driver/Src/stm32g0xx_hal_pwr_ex.c.obj
 .debug_info    0x000000000000410b      0x8d9 cmake/stm32cubemx/CMakeFiles/STM32_Drivers.dir/__/__/Drivers/STM32G0xx_HAL_Driver/Src/stm32g0xx_hal_cortex.c.obj
 .debug_info    0x00000000000049e4      0xa34 cmake/stm32cubemx/CMakeFiles/STM32_Drivers.dir/__/__/Drivers/STM32G0xx_HAL_Driver/Src/stm32g0xx_hal.c.obj
 .debug_info    0x0000000000005418      0xbb1 cmake/stm32cubemx/CMakeFiles/STM32_Drivers.dir/__/__/Drivers/STM32G0xx_HAL_Driver/Src/stm32g0xx_hal_dac.c.obj
 .debug_info    0x0000000000005fc9     0x21c8 cmake/stm32cubemx/CMakeFiles/STM32_Drivers.dir/__/__/Drivers/STM32G0xx_HAL_Driver/Src/stm32g0xx_hal_i2c.c.obj
 .debug_info    0x0000000000008191      0xa09 cmake/stm32cubemx/CMakeFiles/STM32_Drivers.dir/__/__/Drivers/STM32G0xx_HAL_Driver/Src/stm32g0xx_hal_i2c_ex.c.obj
 .debug_info    0x0000000000008b9a     0x1726 cmake/stm32cubemx/CMakeFiles/STM32_Drivers.dir/__/__/Drivers/STM32G0xx_HAL_Driver/Src/stm32g0xx_hal_spi.c.obj
 .debug_info    0x000000000000a2c0     0x2bc9 cmake/stm32cubemx/CMakeFiles/STM32_Drivers.dir/__/__/Drivers/STM32G0xx_HAL_Driver/Src/stm32g0xx_hal_tim.c.obj
 .debug_info    0x000000000000ce89     0x18da cmake/stm32cubemx/CMakeFiles/STM32_Drivers.dir/__/__/Drivers/STM32G0xx_HAL_Driver/Src/stm32g0xx_hal_tim_ex.c.obj
 .debug_info    0x000000000000e763      0x8d2 cmake/stm32cubemx/CMakeFiles/STM32_Drivers.dir/__/__/Drivers/Components/ws2812.c.obj
 .debug_info    0x000000000000f035      0x397 cmake/stm32cubemx/CMakeFiles/STM32_Drivers.dir/__/__/Drivers/Libraries/status.c.obj
 .debug_info    0x000000000000f3cc     0x203d CMakeFiles/SPARK.dir/Core/Src/main.c.obj
 .debug_info    0x0000000000011409      0x463 CMakeFiles/SPARK.dir/Core/Src/stm32g0xx_it.c.obj
 .debug_info    0x000000000001186c     0x19f5 CMakeFiles/SPARK.dir/Core/Src/stm32g0xx_hal_msp.c.obj
 .debug_info    0x0000000000013261       0x23 CMakeFiles/SPARK.dir/startup_stm32g071xx.s.obj
 .debug_info    0x0000000000013284       0xe0 C:/ST/STM32CubeCLT/GNU-tools-for-STM32/bin/../lib/gcc/arm-none-eabi/11.3.1/../../../../arm-none-eabi/lib/thumb/v6-m/nofp\libg_nano.a(libc_a-memset.o)
 .debug_info    0x0000000000013364      0x10b C:/ST/STM32CubeCLT/GNU-tools-for-STM32/bin/../lib/gcc/arm-none-eabi/11.3.1/../../../../arm-none-eabi/lib/thumb/v6-m/nofp\libg_nano.a(libc_a-init.o)

.debug_abbrev   0x0000000000000000     0x2e7a
 .debug_abbrev  0x0000000000000000      0x119 cmake/stm32cubemx/CMakeFiles/STM32_Drivers.dir/__/__/Core/Src/system_stm32g0xx.c.obj
 .debug_abbrev  0x0000000000000119      0x277 cmake/stm32cubemx/CMakeFiles/STM32_Drivers.dir/__/__/Drivers/STM32G0xx_HAL_Driver/Src/stm32g0xx_hal_adc.c.obj
 .debug_abbrev  0x0000000000000390      0x2aa cmake/stm32cubemx/CMakeFiles/STM32_Drivers.dir/__/__/Drivers/STM32G0xx_HAL_Driver/Src/stm32g0xx_hal_rcc.c.obj
 .debug_abbrev  0x000000000000063a      0x229 cmake/stm32cubemx/CMakeFiles/STM32_Drivers.dir/__/__/Drivers/STM32G0xx_HAL_Driver/Src/stm32g0xx_hal_rcc_ex.c.obj
 .debug_abbrev  0x0000000000000863      0x1c8 cmake/stm32cubemx/CMakeFiles/STM32_Drivers.dir/__/__/Drivers/STM32G0xx_HAL_Driver/Src/stm32g0xx_hal_gpio.c.obj
 .debug_abbrev  0x0000000000000a2b      0x22b cmake/stm32cubemx/CMakeFiles/STM32_Drivers.dir/__/__/Drivers/STM32G0xx_HAL_Driver/Src/stm32g0xx_hal_dma.c.obj
 .debug_abbrev  0x0000000000000c56      0x238 cmake/stm32cubemx/CMakeFiles/STM32_Drivers.dir/__/__/Drivers/STM32G0xx_HAL_Driver/Src/stm32g0xx_hal_pwr_ex.c.obj
 .debug_abbrev  0x0000000000000e8e      0x2ab cmake/stm32cubemx/CMakeFiles/STM32_Drivers.dir/__/__/Drivers/STM32G0xx_HAL_Driver/Src/stm32g0xx_hal_cortex.c.obj
 .debug_abbrev  0x0000000000001139      0x2b2 cmake/stm32cubemx/CMakeFiles/STM32_Drivers.dir/__/__/Drivers/STM32G0xx_HAL_Driver/Src/stm32g0xx_hal.c.obj
 .debug_abbrev  0x00000000000013eb      0x245 cmake/stm32cubemx/CMakeFiles/STM32_Drivers.dir/__/__/Drivers/STM32G0xx_HAL_Driver/Src/stm32g0xx_hal_dac.c.obj
 .debug_abbrev  0x0000000000001630      0x291 cmake/stm32cubemx/CMakeFiles/STM32_Drivers.dir/__/__/Drivers/STM32G0xx_HAL_Driver/Src/stm32g0xx_hal_i2c.c.obj
 .debug_abbrev  0x00000000000018c1      0x1e6 cmake/stm32cubemx/CMakeFiles/STM32_Drivers.dir/__/__/Drivers/STM32G0xx_HAL_Driver/Src/stm32g0xx_hal_i2c_ex.c.obj
 .debug_abbrev  0x0000000000001aa7      0x290 cmake/stm32cubemx/CMakeFiles/STM32_Drivers.dir/__/__/Drivers/STM32G0xx_HAL_Driver/Src/stm32g0xx_hal_spi.c.obj
 .debug_abbrev  0x0000000000001d37      0x298 cmake/stm32cubemx/CMakeFiles/STM32_Drivers.dir/__/__/Drivers/STM32G0xx_HAL_Driver/Src/stm32g0xx_hal_tim.c.obj
 .debug_abbrev  0x0000000000001fcf      0x2a8 cmake/stm32cubemx/CMakeFiles/STM32_Drivers.dir/__/__/Drivers/STM32G0xx_HAL_Driver/Src/stm32g0xx_hal_tim_ex.c.obj
 .debug_abbrev  0x0000000000002277      0x1fa cmake/stm32cubemx/CMakeFiles/STM32_Drivers.dir/__/__/Drivers/Components/ws2812.c.obj
 .debug_abbrev  0x0000000000002471      0x173 cmake/stm32cubemx/CMakeFiles/STM32_Drivers.dir/__/__/Drivers/Libraries/status.c.obj
 .debug_abbrev  0x00000000000025e4      0x32b CMakeFiles/SPARK.dir/Core/Src/main.c.obj
 .debug_abbrev  0x000000000000290f      0x1aa CMakeFiles/SPARK.dir/Core/Src/stm32g0xx_it.c.obj
 .debug_abbrev  0x0000000000002ab9      0x248 CMakeFiles/SPARK.dir/Core/Src/stm32g0xx_hal_msp.c.obj
 .debug_abbrev  0x0000000000002d01       0x12 CMakeFiles/SPARK.dir/startup_stm32g071xx.s.obj
 .debug_abbrev  0x0000000000002d13       0x9e C:/ST/STM32CubeCLT/GNU-tools-for-STM32/bin/../lib/gcc/arm-none-eabi/11.3.1/../../../../arm-none-eabi/lib/thumb/v6-m/nofp\libg_nano.a(libc_a-memset.o)
 .debug_abbrev  0x0000000000002db1       0xc9 C:/ST/STM32CubeCLT/GNU-tools-for-STM32/bin/../lib/gcc/arm-none-eabi/11.3.1/../../../../arm-none-eabi/lib/thumb/v6-m/nofp\libg_nano.a(libc_a-init.o)

.debug_aranges  0x0000000000000000     0x1408
 .debug_aranges
                0x0000000000000000       0x28 cmake/stm32cubemx/CMakeFiles/STM32_Drivers.dir/__/__/Core/Src/system_stm32g0xx.c.obj
 .debug_aranges
                0x0000000000000028      0x1f0 cmake/stm32cubemx/CMakeFiles/STM32_Drivers.dir/__/__/Drivers/STM32G0xx_HAL_Driver/Src/stm32g0xx_hal_adc.c.obj
 .debug_aranges
                0x0000000000000218       0xa0 cmake/stm32cubemx/CMakeFiles/STM32_Drivers.dir/__/__/Drivers/STM32G0xx_HAL_Driver/Src/stm32g0xx_hal_rcc.c.obj
 .debug_aranges
                0x00000000000002b8       0x40 cmake/stm32cubemx/CMakeFiles/STM32_Drivers.dir/__/__/Drivers/STM32G0xx_HAL_Driver/Src/stm32g0xx_hal_rcc_ex.c.obj
 .debug_aranges
                0x00000000000002f8       0x60 cmake/stm32cubemx/CMakeFiles/STM32_Drivers.dir/__/__/Drivers/STM32G0xx_HAL_Driver/Src/stm32g0xx_hal_gpio.c.obj
 .debug_aranges
                0x0000000000000358       0x90 cmake/stm32cubemx/CMakeFiles/STM32_Drivers.dir/__/__/Drivers/STM32G0xx_HAL_Driver/Src/stm32g0xx_hal_dma.c.obj
 .debug_aranges
                0x00000000000003e8       0xf0 cmake/stm32cubemx/CMakeFiles/STM32_Drivers.dir/__/__/Drivers/STM32G0xx_HAL_Driver/Src/stm32g0xx_hal_pwr_ex.c.obj
 .debug_aranges
                0x00000000000004d8       0xe8 cmake/stm32cubemx/CMakeFiles/STM32_Drivers.dir/__/__/Drivers/STM32G0xx_HAL_Driver/Src/stm32g0xx_hal_cortex.c.obj
 .debug_aranges
                0x00000000000005c0      0x120 cmake/stm32cubemx/CMakeFiles/STM32_Drivers.dir/__/__/Drivers/STM32G0xx_HAL_Driver/Src/stm32g0xx_hal.c.obj
 .debug_aranges
                0x00000000000006e0       0xc0 cmake/stm32cubemx/CMakeFiles/STM32_Drivers.dir/__/__/Drivers/STM32G0xx_HAL_Driver/Src/stm32g0xx_hal_dac.c.obj
 .debug_aranges
                0x00000000000007a0      0x2a0 cmake/stm32cubemx/CMakeFiles/STM32_Drivers.dir/__/__/Drivers/STM32G0xx_HAL_Driver/Src/stm32g0xx_hal_i2c.c.obj
 .debug_aranges
                0x0000000000000a40       0x48 cmake/stm32cubemx/CMakeFiles/STM32_Drivers.dir/__/__/Drivers/STM32G0xx_HAL_Driver/Src/stm32g0xx_hal_i2c_ex.c.obj
 .debug_aranges
                0x0000000000000a88      0x1d8 cmake/stm32cubemx/CMakeFiles/STM32_Drivers.dir/__/__/Drivers/STM32G0xx_HAL_Driver/Src/stm32g0xx_hal_spi.c.obj
 .debug_aranges
                0x0000000000000c60      0x3e0 cmake/stm32cubemx/CMakeFiles/STM32_Drivers.dir/__/__/Drivers/STM32G0xx_HAL_Driver/Src/stm32g0xx_hal_tim.c.obj
 .debug_aranges
                0x0000000000001040      0x198 cmake/stm32cubemx/CMakeFiles/STM32_Drivers.dir/__/__/Drivers/STM32G0xx_HAL_Driver/Src/stm32g0xx_hal_tim_ex.c.obj
 .debug_aranges
                0x00000000000011d8       0x28 cmake/stm32cubemx/CMakeFiles/STM32_Drivers.dir/__/__/Drivers/Components/ws2812.c.obj
 .debug_aranges
                0x0000000000001200       0x48 cmake/stm32cubemx/CMakeFiles/STM32_Drivers.dir/__/__/Drivers/Libraries/status.c.obj
 .debug_aranges
                0x0000000000001248       0x80 CMakeFiles/SPARK.dir/Core/Src/main.c.obj
 .debug_aranges
                0x00000000000012c8       0x50 CMakeFiles/SPARK.dir/Core/Src/stm32g0xx_it.c.obj
 .debug_aranges
                0x0000000000001318       0x88 CMakeFiles/SPARK.dir/Core/Src/stm32g0xx_hal_msp.c.obj
 .debug_aranges
                0x00000000000013a0       0x28 CMakeFiles/SPARK.dir/startup_stm32g071xx.s.obj
 .debug_aranges
                0x00000000000013c8       0x20 C:/ST/STM32CubeCLT/GNU-tools-for-STM32/bin/../lib/gcc/arm-none-eabi/11.3.1/../../../../arm-none-eabi/lib/thumb/v6-m/nofp\libg_nano.a(libc_a-memset.o)
 .debug_aranges
                0x00000000000013e8       0x20 C:/ST/STM32CubeCLT/GNU-tools-for-STM32/bin/../lib/gcc/arm-none-eabi/11.3.1/../../../../arm-none-eabi/lib/thumb/v6-m/nofp\libg_nano.a(libc_a-init.o)

.debug_rnglists
                0x0000000000000000      0xf99
 .debug_rnglists
                0x0000000000000000       0x1a cmake/stm32cubemx/CMakeFiles/STM32_Drivers.dir/__/__/Core/Src/system_stm32g0xx.c.obj
 .debug_rnglists
                0x000000000000001a      0x17f cmake/stm32cubemx/CMakeFiles/STM32_Drivers.dir/__/__/Drivers/STM32G0xx_HAL_Driver/Src/stm32g0xx_hal_adc.c.obj
 .debug_rnglists
                0x0000000000000199       0x79 cmake/stm32cubemx/CMakeFiles/STM32_Drivers.dir/__/__/Drivers/STM32G0xx_HAL_Driver/Src/stm32g0xx_hal_rcc.c.obj
 .debug_rnglists
                0x0000000000000212       0x30 cmake/stm32cubemx/CMakeFiles/STM32_Drivers.dir/__/__/Drivers/STM32G0xx_HAL_Driver/Src/stm32g0xx_hal_rcc_ex.c.obj
 .debug_rnglists
                0x0000000000000242       0x45 cmake/stm32cubemx/CMakeFiles/STM32_Drivers.dir/__/__/Drivers/STM32G0xx_HAL_Driver/Src/stm32g0xx_hal_gpio.c.obj
 .debug_rnglists
                0x0000000000000287       0x72 cmake/stm32cubemx/CMakeFiles/STM32_Drivers.dir/__/__/Drivers/STM32G0xx_HAL_Driver/Src/stm32g0xx_hal_dma.c.obj
 .debug_rnglists
                0x00000000000002f9       0xb5 cmake/stm32cubemx/CMakeFiles/STM32_Drivers.dir/__/__/Drivers/STM32G0xx_HAL_Driver/Src/stm32g0xx_hal_pwr_ex.c.obj
 .debug_rnglists
                0x00000000000003ae       0xaa cmake/stm32cubemx/CMakeFiles/STM32_Drivers.dir/__/__/Drivers/STM32G0xx_HAL_Driver/Src/stm32g0xx_hal_cortex.c.obj
 .debug_rnglists
                0x0000000000000458       0xd4 cmake/stm32cubemx/CMakeFiles/STM32_Drivers.dir/__/__/Drivers/STM32G0xx_HAL_Driver/Src/stm32g0xx_hal.c.obj
 .debug_rnglists
                0x000000000000052c       0x90 cmake/stm32cubemx/CMakeFiles/STM32_Drivers.dir/__/__/Drivers/STM32G0xx_HAL_Driver/Src/stm32g0xx_hal_dac.c.obj
 .debug_rnglists
                0x00000000000005bc      0x229 cmake/stm32cubemx/CMakeFiles/STM32_Drivers.dir/__/__/Drivers/STM32G0xx_HAL_Driver/Src/stm32g0xx_hal_i2c.c.obj
 .debug_rnglists
                0x00000000000007e5       0x35 cmake/stm32cubemx/CMakeFiles/STM32_Drivers.dir/__/__/Drivers/STM32G0xx_HAL_Driver/Src/stm32g0xx_hal_i2c_ex.c.obj
 .debug_rnglists
                0x000000000000081a      0x17a cmake/stm32cubemx/CMakeFiles/STM32_Drivers.dir/__/__/Drivers/STM32G0xx_HAL_Driver/Src/stm32g0xx_hal_spi.c.obj
 .debug_rnglists
                0x0000000000000994      0x32a cmake/stm32cubemx/CMakeFiles/STM32_Drivers.dir/__/__/Drivers/STM32G0xx_HAL_Driver/Src/stm32g0xx_hal_tim.c.obj
 .debug_rnglists
                0x0000000000000cbe      0x14e cmake/stm32cubemx/CMakeFiles/STM32_Drivers.dir/__/__/Drivers/STM32G0xx_HAL_Driver/Src/stm32g0xx_hal_tim_ex.c.obj
 .debug_rnglists
                0x0000000000000e0c       0x1a cmake/stm32cubemx/CMakeFiles/STM32_Drivers.dir/__/__/Drivers/Components/ws2812.c.obj
 .debug_rnglists
                0x0000000000000e26       0x34 cmake/stm32cubemx/CMakeFiles/STM32_Drivers.dir/__/__/Drivers/Libraries/status.c.obj
 .debug_rnglists
                0x0000000000000e5a       0x61 CMakeFiles/SPARK.dir/Core/Src/main.c.obj
 .debug_rnglists
                0x0000000000000ebb       0x37 CMakeFiles/SPARK.dir/Core/Src/stm32g0xx_it.c.obj
 .debug_rnglists
                0x0000000000000ef2       0x68 CMakeFiles/SPARK.dir/Core/Src/stm32g0xx_hal_msp.c.obj
 .debug_rnglists
                0x0000000000000f5a       0x19 CMakeFiles/SPARK.dir/startup_stm32g071xx.s.obj
 .debug_rnglists
                0x0000000000000f73       0x13 C:/ST/STM32CubeCLT/GNU-tools-for-STM32/bin/../lib/gcc/arm-none-eabi/11.3.1/../../../../arm-none-eabi/lib/thumb/v6-m/nofp\libg_nano.a(libc_a-memset.o)
 .debug_rnglists
                0x0000000000000f86       0x13 C:/ST/STM32CubeCLT/GNU-tools-for-STM32/bin/../lib/gcc/arm-none-eabi/11.3.1/../../../../arm-none-eabi/lib/thumb/v6-m/nofp\libg_nano.a(libc_a-init.o)

.debug_macro    0x0000000000000000    0x1a2bd
 .debug_macro   0x0000000000000000      0x235 cmake/stm32cubemx/CMakeFiles/STM32_Drivers.dir/__/__/Core/Src/system_stm32g0xx.c.obj
 .debug_macro   0x0000000000000235      0xa7e cmake/stm32cubemx/CMakeFiles/STM32_Drivers.dir/__/__/Core/Src/system_stm32g0xx.c.obj
 .debug_macro   0x0000000000000cb3       0x2e cmake/stm32cubemx/CMakeFiles/STM32_Drivers.dir/__/__/Core/Src/system_stm32g0xx.c.obj
 .debug_macro   0x0000000000000ce1       0x28 cmake/stm32cubemx/CMakeFiles/STM32_Drivers.dir/__/__/Core/Src/system_stm32g0xx.c.obj
 .debug_macro   0x0000000000000d09       0x22 cmake/stm32cubemx/CMakeFiles/STM32_Drivers.dir/__/__/Core/Src/system_stm32g0xx.c.obj
 .debug_macro   0x0000000000000d2b       0x8e cmake/stm32cubemx/CMakeFiles/STM32_Drivers.dir/__/__/Core/Src/system_stm32g0xx.c.obj
 .debug_macro   0x0000000000000db9       0x51 cmake/stm32cubemx/CMakeFiles/STM32_Drivers.dir/__/__/Core/Src/system_stm32g0xx.c.obj
 .debug_macro   0x0000000000000e0a      0x103 cmake/stm32cubemx/CMakeFiles/STM32_Drivers.dir/__/__/Core/Src/system_stm32g0xx.c.obj
 .debug_macro   0x0000000000000f0d       0x6a cmake/stm32cubemx/CMakeFiles/STM32_Drivers.dir/__/__/Core/Src/system_stm32g0xx.c.obj
 .debug_macro   0x0000000000000f77      0x1df cmake/stm32cubemx/CMakeFiles/STM32_Drivers.dir/__/__/Core/Src/system_stm32g0xx.c.obj
 .debug_macro   0x0000000000001156       0x1c cmake/stm32cubemx/CMakeFiles/STM32_Drivers.dir/__/__/Core/Src/system_stm32g0xx.c.obj
 .debug_macro   0x0000000000001172       0x22 cmake/stm32cubemx/CMakeFiles/STM32_Drivers.dir/__/__/Core/Src/system_stm32g0xx.c.obj
 .debug_macro   0x0000000000001194       0xd1 cmake/stm32cubemx/CMakeFiles/STM32_Drivers.dir/__/__/Core/Src/system_stm32g0xx.c.obj
 .debug_macro   0x0000000000001265      0x4da cmake/stm32cubemx/CMakeFiles/STM32_Drivers.dir/__/__/Core/Src/system_stm32g0xx.c.obj
 .debug_macro   0x000000000000173f      0x11f cmake/stm32cubemx/CMakeFiles/STM32_Drivers.dir/__/__/Core/Src/system_stm32g0xx.c.obj
 .debug_macro   0x000000000000185e     0xc753 cmake/stm32cubemx/CMakeFiles/STM32_Drivers.dir/__/__/Core/Src/system_stm32g0xx.c.obj
 .debug_macro   0x000000000000dfb1       0x66 cmake/stm32cubemx/CMakeFiles/STM32_Drivers.dir/__/__/Core/Src/system_stm32g0xx.c.obj
 .debug_macro   0x000000000000e017      0x12f cmake/stm32cubemx/CMakeFiles/STM32_Drivers.dir/__/__/Core/Src/system_stm32g0xx.c.obj
 .debug_macro   0x000000000000e146     0x350e cmake/stm32cubemx/CMakeFiles/STM32_Drivers.dir/__/__/Core/Src/system_stm32g0xx.c.obj
 .debug_macro   0x0000000000011654      0x174 cmake/stm32cubemx/CMakeFiles/STM32_Drivers.dir/__/__/Core/Src/system_stm32g0xx.c.obj
 .debug_macro   0x00000000000117c8       0x5c cmake/stm32cubemx/CMakeFiles/STM32_Drivers.dir/__/__/Core/Src/system_stm32g0xx.c.obj
 .debug_macro   0x0000000000011824      0x56c cmake/stm32cubemx/CMakeFiles/STM32_Drivers.dir/__/__/Core/Src/system_stm32g0xx.c.obj
 .debug_macro   0x0000000000011d90     0x1122 cmake/stm32cubemx/CMakeFiles/STM32_Drivers.dir/__/__/Core/Src/system_stm32g0xx.c.obj
 .debug_macro   0x0000000000012eb2      0x264 cmake/stm32cubemx/CMakeFiles/STM32_Drivers.dir/__/__/Core/Src/system_stm32g0xx.c.obj
 .debug_macro   0x0000000000013116      0x1cf cmake/stm32cubemx/CMakeFiles/STM32_Drivers.dir/__/__/Core/Src/system_stm32g0xx.c.obj
 .debug_macro   0x00000000000132e5      0x1d8 cmake/stm32cubemx/CMakeFiles/STM32_Drivers.dir/__/__/Core/Src/system_stm32g0xx.c.obj
 .debug_macro   0x00000000000134bd      0x426 cmake/stm32cubemx/CMakeFiles/STM32_Drivers.dir/__/__/Core/Src/system_stm32g0xx.c.obj
 .debug_macro   0x00000000000138e3      0x280 cmake/stm32cubemx/CMakeFiles/STM32_Drivers.dir/__/__/Core/Src/system_stm32g0xx.c.obj
 .debug_macro   0x0000000000013b63      0x3a7 cmake/stm32cubemx/CMakeFiles/STM32_Drivers.dir/__/__/Core/Src/system_stm32g0xx.c.obj
 .debug_macro   0x0000000000013f0a      0x1b2 cmake/stm32cubemx/CMakeFiles/STM32_Drivers.dir/__/__/Core/Src/system_stm32g0xx.c.obj
 .debug_macro   0x00000000000140bc       0x43 cmake/stm32cubemx/CMakeFiles/STM32_Drivers.dir/__/__/Core/Src/system_stm32g0xx.c.obj
 .debug_macro   0x00000000000140ff      0x1f1 cmake/stm32cubemx/CMakeFiles/STM32_Drivers.dir/__/__/Core/Src/system_stm32g0xx.c.obj
 .debug_macro   0x00000000000142f0      0x8b6 cmake/stm32cubemx/CMakeFiles/STM32_Drivers.dir/__/__/Core/Src/system_stm32g0xx.c.obj
 .debug_macro   0x0000000000014ba6      0x5c2 cmake/stm32cubemx/CMakeFiles/STM32_Drivers.dir/__/__/Core/Src/system_stm32g0xx.c.obj
 .debug_macro   0x0000000000015168       0x2e cmake/stm32cubemx/CMakeFiles/STM32_Drivers.dir/__/__/Core/Src/system_stm32g0xx.c.obj
 .debug_macro   0x0000000000015196      0x161 cmake/stm32cubemx/CMakeFiles/STM32_Drivers.dir/__/__/Core/Src/system_stm32g0xx.c.obj
 .debug_macro   0x00000000000152f7       0xd0 cmake/stm32cubemx/CMakeFiles/STM32_Drivers.dir/__/__/Core/Src/system_stm32g0xx.c.obj
 .debug_macro   0x00000000000153c7      0x1d6 cmake/stm32cubemx/CMakeFiles/STM32_Drivers.dir/__/__/Core/Src/system_stm32g0xx.c.obj
 .debug_macro   0x000000000001559d      0x38a cmake/stm32cubemx/CMakeFiles/STM32_Drivers.dir/__/__/Core/Src/system_stm32g0xx.c.obj
 .debug_macro   0x0000000000015927       0x28 cmake/stm32cubemx/CMakeFiles/STM32_Drivers.dir/__/__/Core/Src/system_stm32g0xx.c.obj
 .debug_macro   0x000000000001594f       0xe4 cmake/stm32cubemx/CMakeFiles/STM32_Drivers.dir/__/__/Core/Src/system_stm32g0xx.c.obj
 .debug_macro   0x0000000000015a33      0x22c cmake/stm32cubemx/CMakeFiles/STM32_Drivers.dir/__/__/Core/Src/system_stm32g0xx.c.obj
 .debug_macro   0x0000000000015c5f       0x67 cmake/stm32cubemx/CMakeFiles/STM32_Drivers.dir/__/__/Core/Src/system_stm32g0xx.c.obj
 .debug_macro   0x0000000000015cc6       0xa5 cmake/stm32cubemx/CMakeFiles/STM32_Drivers.dir/__/__/Core/Src/system_stm32g0xx.c.obj
 .debug_macro   0x0000000000015d6b      0x125 cmake/stm32cubemx/CMakeFiles/STM32_Drivers.dir/__/__/Core/Src/system_stm32g0xx.c.obj
 .debug_macro   0x0000000000015e90      0x240 cmake/stm32cubemx/CMakeFiles/STM32_Drivers.dir/__/__/Core/Src/system_stm32g0xx.c.obj
 .debug_macro   0x00000000000160d0      0x2fe cmake/stm32cubemx/CMakeFiles/STM32_Drivers.dir/__/__/Core/Src/system_stm32g0xx.c.obj
 .debug_macro   0x00000000000163ce      0xad0 cmake/stm32cubemx/CMakeFiles/STM32_Drivers.dir/__/__/Core/Src/system_stm32g0xx.c.obj
 .debug_macro   0x0000000000016e9e      0x1a1 cmake/stm32cubemx/CMakeFiles/STM32_Drivers.dir/__/__/Core/Src/system_stm32g0xx.c.obj
 .debug_macro   0x000000000001703f      0x4f2 cmake/stm32cubemx/CMakeFiles/STM32_Drivers.dir/__/__/Core/Src/system_stm32g0xx.c.obj
 .debug_macro   0x0000000000017531      0x259 cmake/stm32cubemx/CMakeFiles/STM32_Drivers.dir/__/__/Drivers/STM32G0xx_HAL_Driver/Src/stm32g0xx_hal_adc.c.obj
 .debug_macro   0x000000000001778a      0x277 cmake/stm32cubemx/CMakeFiles/STM32_Drivers.dir/__/__/Drivers/STM32G0xx_HAL_Driver/Src/stm32g0xx_hal_rcc.c.obj
 .debug_macro   0x0000000000017a01      0x24d cmake/stm32cubemx/CMakeFiles/STM32_Drivers.dir/__/__/Drivers/STM32G0xx_HAL_Driver/Src/stm32g0xx_hal_rcc_ex.c.obj
 .debug_macro   0x0000000000017c4e      0x23c cmake/stm32cubemx/CMakeFiles/STM32_Drivers.dir/__/__/Drivers/STM32G0xx_HAL_Driver/Src/stm32g0xx_hal_gpio.c.obj
 .debug_macro   0x0000000000017e8a      0x235 cmake/stm32cubemx/CMakeFiles/STM32_Drivers.dir/__/__/Drivers/STM32G0xx_HAL_Driver/Src/stm32g0xx_hal_dma.c.obj
 .debug_macro   0x00000000000180bf      0x25f cmake/stm32cubemx/CMakeFiles/STM32_Drivers.dir/__/__/Drivers/STM32G0xx_HAL_Driver/Src/stm32g0xx_hal_pwr_ex.c.obj
 .debug_macro   0x000000000001831e      0x235 cmake/stm32cubemx/CMakeFiles/STM32_Drivers.dir/__/__/Drivers/STM32G0xx_HAL_Driver/Src/stm32g0xx_hal_cortex.c.obj
 .debug_macro   0x0000000000018553      0x259 cmake/stm32cubemx/CMakeFiles/STM32_Drivers.dir/__/__/Drivers/STM32G0xx_HAL_Driver/Src/stm32g0xx_hal.c.obj
 .debug_macro   0x00000000000187ac      0x23d cmake/stm32cubemx/CMakeFiles/STM32_Drivers.dir/__/__/Drivers/STM32G0xx_HAL_Driver/Src/stm32g0xx_hal_dac.c.obj
 .debug_macro   0x00000000000189e9      0x301 cmake/stm32cubemx/CMakeFiles/STM32_Drivers.dir/__/__/Drivers/STM32G0xx_HAL_Driver/Src/stm32g0xx_hal_i2c.c.obj
 .debug_macro   0x0000000000018cea      0x235 cmake/stm32cubemx/CMakeFiles/STM32_Drivers.dir/__/__/Drivers/STM32G0xx_HAL_Driver/Src/stm32g0xx_hal_i2c_ex.c.obj
 .debug_macro   0x0000000000018f1f      0x23d cmake/stm32cubemx/CMakeFiles/STM32_Drivers.dir/__/__/Drivers/STM32G0xx_HAL_Driver/Src/stm32g0xx_hal_spi.c.obj
 .debug_macro   0x000000000001915c      0x23d cmake/stm32cubemx/CMakeFiles/STM32_Drivers.dir/__/__/Drivers/STM32G0xx_HAL_Driver/Src/stm32g0xx_hal_tim.c.obj
 .debug_macro   0x0000000000019399      0x23b cmake/stm32cubemx/CMakeFiles/STM32_Drivers.dir/__/__/Drivers/STM32G0xx_HAL_Driver/Src/stm32g0xx_hal_tim_ex.c.obj
 .debug_macro   0x00000000000195d4      0x277 cmake/stm32cubemx/CMakeFiles/STM32_Drivers.dir/__/__/Drivers/Components/ws2812.c.obj
 .debug_macro   0x000000000001984b      0x277 cmake/stm32cubemx/CMakeFiles/STM32_Drivers.dir/__/__/Drivers/Libraries/status.c.obj
 .debug_macro   0x0000000000019ac2       0x1c cmake/stm32cubemx/CMakeFiles/STM32_Drivers.dir/__/__/Drivers/Libraries/status.c.obj
 .debug_macro   0x0000000000019ade       0x8e cmake/stm32cubemx/CMakeFiles/STM32_Drivers.dir/__/__/Drivers/Libraries/status.c.obj
 .debug_macro   0x0000000000019b6c      0x26d CMakeFiles/SPARK.dir/Core/Src/main.c.obj
 .debug_macro   0x0000000000019dd9      0x277 CMakeFiles/SPARK.dir/Core/Src/stm32g0xx_it.c.obj
 .debug_macro   0x000000000001a050      0x26d CMakeFiles/SPARK.dir/Core/Src/stm32g0xx_hal_msp.c.obj

.debug_line     0x0000000000000000    0x17ded
 .debug_line    0x0000000000000000      0x83d cmake/stm32cubemx/CMakeFiles/STM32_Drivers.dir/__/__/Core/Src/system_stm32g0xx.c.obj
 .debug_line    0x000000000000083d     0x19a3 cmake/stm32cubemx/CMakeFiles/STM32_Drivers.dir/__/__/Drivers/STM32G0xx_HAL_Driver/Src/stm32g0xx_hal_adc.c.obj
 .debug_line    0x00000000000021e0      0xfb4 cmake/stm32cubemx/CMakeFiles/STM32_Drivers.dir/__/__/Drivers/STM32G0xx_HAL_Driver/Src/stm32g0xx_hal_rcc.c.obj
 .debug_line    0x0000000000003194      0xdaf cmake/stm32cubemx/CMakeFiles/STM32_Drivers.dir/__/__/Drivers/STM32G0xx_HAL_Driver/Src/stm32g0xx_hal_rcc_ex.c.obj
 .debug_line    0x0000000000003f43      0xbe0 cmake/stm32cubemx/CMakeFiles/STM32_Drivers.dir/__/__/Drivers/STM32G0xx_HAL_Driver/Src/stm32g0xx_hal_gpio.c.obj
 .debug_line    0x0000000000004b23      0xe14 cmake/stm32cubemx/CMakeFiles/STM32_Drivers.dir/__/__/Drivers/STM32G0xx_HAL_Driver/Src/stm32g0xx_hal_dma.c.obj
 .debug_line    0x0000000000005937      0xb50 cmake/stm32cubemx/CMakeFiles/STM32_Drivers.dir/__/__/Drivers/STM32G0xx_HAL_Driver/Src/stm32g0xx_hal_pwr_ex.c.obj
 .debug_line    0x0000000000006487      0xc22 cmake/stm32cubemx/CMakeFiles/STM32_Drivers.dir/__/__/Drivers/STM32G0xx_HAL_Driver/Src/stm32g0xx_hal_cortex.c.obj
 .debug_line    0x00000000000070a9      0xb73 cmake/stm32cubemx/CMakeFiles/STM32_Drivers.dir/__/__/Drivers/STM32G0xx_HAL_Driver/Src/stm32g0xx_hal.c.obj
 .debug_line    0x0000000000007c1c      0xcb0 cmake/stm32cubemx/CMakeFiles/STM32_Drivers.dir/__/__/Drivers/STM32G0xx_HAL_Driver/Src/stm32g0xx_hal_dac.c.obj
 .debug_line    0x00000000000088cc     0x3a0f cmake/stm32cubemx/CMakeFiles/STM32_Drivers.dir/__/__/Drivers/STM32G0xx_HAL_Driver/Src/stm32g0xx_hal_i2c.c.obj
 .debug_line    0x000000000000c2db      0x9e8 cmake/stm32cubemx/CMakeFiles/STM32_Drivers.dir/__/__/Drivers/STM32G0xx_HAL_Driver/Src/stm32g0xx_hal_i2c_ex.c.obj
 .debug_line    0x000000000000ccc3     0x1f90 cmake/stm32cubemx/CMakeFiles/STM32_Drivers.dir/__/__/Drivers/STM32G0xx_HAL_Driver/Src/stm32g0xx_hal_spi.c.obj
 .debug_line    0x000000000000ec53     0x3d4e cmake/stm32cubemx/CMakeFiles/STM32_Drivers.dir/__/__/Drivers/STM32G0xx_HAL_Driver/Src/stm32g0xx_hal_tim.c.obj
 .debug_line    0x00000000000129a1     0x1d02 cmake/stm32cubemx/CMakeFiles/STM32_Drivers.dir/__/__/Drivers/STM32G0xx_HAL_Driver/Src/stm32g0xx_hal_tim_ex.c.obj
 .debug_line    0x00000000000146a3      0x91d cmake/stm32cubemx/CMakeFiles/STM32_Drivers.dir/__/__/Drivers/Components/ws2812.c.obj
 .debug_line    0x0000000000014fc0      0x9f3 cmake/stm32cubemx/CMakeFiles/STM32_Drivers.dir/__/__/Drivers/Libraries/status.c.obj
 .debug_line    0x00000000000159b3      0xc69 CMakeFiles/SPARK.dir/Core/Src/main.c.obj
 .debug_line    0x000000000001661c      0x932 CMakeFiles/SPARK.dir/Core/Src/stm32g0xx_it.c.obj
 .debug_line    0x0000000000016f4e      0xb28 CMakeFiles/SPARK.dir/Core/Src/stm32g0xx_hal_msp.c.obj
 .debug_line    0x0000000000017a76       0x7b CMakeFiles/SPARK.dir/startup_stm32g071xx.s.obj
 .debug_line    0x0000000000017af1      0x178 C:/ST/STM32CubeCLT/GNU-tools-for-STM32/bin/../lib/gcc/arm-none-eabi/11.3.1/../../../../arm-none-eabi/lib/thumb/v6-m/nofp\libg_nano.a(libc_a-memset.o)
 .debug_line    0x0000000000017c69      0x184 C:/ST/STM32CubeCLT/GNU-tools-for-STM32/bin/../lib/gcc/arm-none-eabi/11.3.1/../../../../arm-none-eabi/lib/thumb/v6-m/nofp\libg_nano.a(libc_a-init.o)

.debug_str      0x0000000000000000    0xa93d7
 .debug_str     0x0000000000000000    0xa2836 cmake/stm32cubemx/CMakeFiles/STM32_Drivers.dir/__/__/Core/Src/system_stm32g0xx.c.obj
                                      0xa2ee6 (size before relaxing)
 .debug_str     0x00000000000a2836      0xe40 cmake/stm32cubemx/CMakeFiles/STM32_Drivers.dir/__/__/Drivers/STM32G0xx_HAL_Driver/Src/stm32g0xx_hal_adc.c.obj
                                      0xa3ca1 (size before relaxing)
 .debug_str     0x00000000000a3676      0x72f cmake/stm32cubemx/CMakeFiles/STM32_Drivers.dir/__/__/Drivers/STM32G0xx_HAL_Driver/Src/stm32g0xx_hal_rcc.c.obj
                                      0xa363c (size before relaxing)
 .debug_str     0x00000000000a3da5      0x306 cmake/stm32cubemx/CMakeFiles/STM32_Drivers.dir/__/__/Drivers/STM32G0xx_HAL_Driver/Src/stm32g0xx_hal_rcc_ex.c.obj
                                      0xa32b0 (size before relaxing)
 .debug_str     0x00000000000a40ab      0x1bb cmake/stm32cubemx/CMakeFiles/STM32_Drivers.dir/__/__/Drivers/STM32G0xx_HAL_Driver/Src/stm32g0xx_hal_gpio.c.obj
                                      0xa302f (size before relaxing)
 .debug_str     0x00000000000a4266      0x2b6 cmake/stm32cubemx/CMakeFiles/STM32_Drivers.dir/__/__/Drivers/STM32G0xx_HAL_Driver/Src/stm32g0xx_hal_dma.c.obj
                                      0xa3380 (size before relaxing)
 .debug_str     0x00000000000a451c      0x39b cmake/stm32cubemx/CMakeFiles/STM32_Drivers.dir/__/__/Drivers/STM32G0xx_HAL_Driver/Src/stm32g0xx_hal_pwr_ex.c.obj
                                      0xa3373 (size before relaxing)
 .debug_str     0x00000000000a48b7      0x4d4 cmake/stm32cubemx/CMakeFiles/STM32_Drivers.dir/__/__/Drivers/STM32G0xx_HAL_Driver/Src/stm32g0xx_hal_cortex.c.obj
                                      0xa33ad (size before relaxing)
 .debug_str     0x00000000000a4d8b      0x4d3 cmake/stm32cubemx/CMakeFiles/STM32_Drivers.dir/__/__/Drivers/STM32G0xx_HAL_Driver/Src/stm32g0xx_hal.c.obj
                                      0xa36e3 (size before relaxing)
 .debug_str     0x00000000000a525e      0x490 cmake/stm32cubemx/CMakeFiles/STM32_Drivers.dir/__/__/Drivers/STM32G0xx_HAL_Driver/Src/stm32g0xx_hal_dac.c.obj
                                      0xa3575 (size before relaxing)
 .debug_str     0x00000000000a56ee     0x1028 cmake/stm32cubemx/CMakeFiles/STM32_Drivers.dir/__/__/Drivers/STM32G0xx_HAL_Driver/Src/stm32g0xx_hal_i2c.c.obj
                                      0xa42a9 (size before relaxing)
 .debug_str     0x00000000000a6716       0xdb cmake/stm32cubemx/CMakeFiles/STM32_Drivers.dir/__/__/Drivers/STM32G0xx_HAL_Driver/Src/stm32g0xx_hal_i2c_ex.c.obj
                                      0xa3525 (size before relaxing)
 .debug_str     0x00000000000a67f1      0x76b cmake/stm32cubemx/CMakeFiles/STM32_Drivers.dir/__/__/Drivers/STM32G0xx_HAL_Driver/Src/stm32g0xx_hal_spi.c.obj
                                      0xa38cc (size before relaxing)
 .debug_str     0x00000000000a6f5c     0x1198 cmake/stm32cubemx/CMakeFiles/STM32_Drivers.dir/__/__/Drivers/STM32G0xx_HAL_Driver/Src/stm32g0xx_hal_tim.c.obj
                                      0xa4428 (size before relaxing)
 .debug_str     0x00000000000a80f4      0x698 cmake/stm32cubemx/CMakeFiles/STM32_Drivers.dir/__/__/Drivers/STM32G0xx_HAL_Driver/Src/stm32g0xx_hal_tim_ex.c.obj
                                      0xa3db6 (size before relaxing)
 .debug_str     0x00000000000a878c      0x653 cmake/stm32cubemx/CMakeFiles/STM32_Drivers.dir/__/__/Drivers/Components/ws2812.c.obj
                                      0xa3a12 (size before relaxing)
 .debug_str     0x00000000000a8ddf      0x106 cmake/stm32cubemx/CMakeFiles/STM32_Drivers.dir/__/__/Drivers/Libraries/status.c.obj
                                      0xa3479 (size before relaxing)
 .debug_str     0x00000000000a8ee5      0x15d CMakeFiles/SPARK.dir/Core/Src/main.c.obj
                                      0xa4c48 (size before relaxing)
 .debug_str     0x00000000000a9042       0xcd CMakeFiles/SPARK.dir/Core/Src/stm32g0xx_it.c.obj
                                      0xa36f9 (size before relaxing)
 .debug_str     0x00000000000a910f       0x56 CMakeFiles/SPARK.dir/Core/Src/stm32g0xx_hal_msp.c.obj
                                      0xa457c (size before relaxing)
 .debug_str     0x00000000000a9165       0x48 CMakeFiles/SPARK.dir/startup_stm32g071xx.s.obj
                                         0x7a (size before relaxing)
 .debug_str     0x00000000000a91ad      0x16e C:/ST/STM32CubeCLT/GNU-tools-for-STM32/bin/../lib/gcc/arm-none-eabi/11.3.1/../../../../arm-none-eabi/lib/thumb/v6-m/nofp\libg_nano.a(libc_a-memset.o)
                                        0x20a (size before relaxing)
 .debug_str     0x00000000000a931b       0xbc C:/ST/STM32CubeCLT/GNU-tools-for-STM32/bin/../lib/gcc/arm-none-eabi/11.3.1/../../../../arm-none-eabi/lib/thumb/v6-m/nofp\libg_nano.a(libc_a-init.o)
                                        0x26b (size before relaxing)

.debug_frame    0x0000000000000000     0x4a04
 .debug_frame   0x0000000000000000       0x4c cmake/stm32cubemx/CMakeFiles/STM32_Drivers.dir/__/__/Core/Src/system_stm32g0xx.c.obj
 .debug_frame   0x000000000000004c      0x78c cmake/stm32cubemx/CMakeFiles/STM32_Drivers.dir/__/__/Drivers/STM32G0xx_HAL_Driver/Src/stm32g0xx_hal_adc.c.obj
 .debug_frame   0x00000000000007d8      0x214 cmake/stm32cubemx/CMakeFiles/STM32_Drivers.dir/__/__/Drivers/STM32G0xx_HAL_Driver/Src/stm32g0xx_hal_rcc.c.obj
 .debug_frame   0x00000000000009ec       0xb0 cmake/stm32cubemx/CMakeFiles/STM32_Drivers.dir/__/__/Drivers/STM32G0xx_HAL_Driver/Src/stm32g0xx_hal_rcc_ex.c.obj
 .debug_frame   0x0000000000000a9c      0x130 cmake/stm32cubemx/CMakeFiles/STM32_Drivers.dir/__/__/Drivers/STM32G0xx_HAL_Driver/Src/stm32g0xx_hal_gpio.c.obj
 .debug_frame   0x0000000000000bcc      0x1f0 cmake/stm32cubemx/CMakeFiles/STM32_Drivers.dir/__/__/Drivers/STM32G0xx_HAL_Driver/Src/stm32g0xx_hal_dma.c.obj
 .debug_frame   0x0000000000000dbc      0x32c cmake/stm32cubemx/CMakeFiles/STM32_Drivers.dir/__/__/Drivers/STM32G0xx_HAL_Driver/Src/stm32g0xx_hal_pwr_ex.c.obj
 .debug_frame   0x00000000000010e8      0x33c cmake/stm32cubemx/CMakeFiles/STM32_Drivers.dir/__/__/Drivers/STM32G0xx_HAL_Driver/Src/stm32g0xx_hal_cortex.c.obj
 .debug_frame   0x0000000000001424      0x3dc cmake/stm32cubemx/CMakeFiles/STM32_Drivers.dir/__/__/Drivers/STM32G0xx_HAL_Driver/Src/stm32g0xx_hal.c.obj
 .debug_frame   0x0000000000001800      0x2b0 cmake/stm32cubemx/CMakeFiles/STM32_Drivers.dir/__/__/Drivers/STM32G0xx_HAL_Driver/Src/stm32g0xx_hal_dac.c.obj
 .debug_frame   0x0000000000001ab0      0xa68 cmake/stm32cubemx/CMakeFiles/STM32_Drivers.dir/__/__/Drivers/STM32G0xx_HAL_Driver/Src/stm32g0xx_hal_i2c.c.obj
 .debug_frame   0x0000000000002518       0xd0 cmake/stm32cubemx/CMakeFiles/STM32_Drivers.dir/__/__/Drivers/STM32G0xx_HAL_Driver/Src/stm32g0xx_hal_i2c_ex.c.obj
 .debug_frame   0x00000000000025e8      0x710 cmake/stm32cubemx/CMakeFiles/STM32_Drivers.dir/__/__/Drivers/STM32G0xx_HAL_Driver/Src/stm32g0xx_hal_spi.c.obj
 .debug_frame   0x0000000000002cf8      0xf40 cmake/stm32cubemx/CMakeFiles/STM32_Drivers.dir/__/__/Drivers/STM32G0xx_HAL_Driver/Src/stm32g0xx_hal_tim.c.obj
 .debug_frame   0x0000000000003c38      0x620 cmake/stm32cubemx/CMakeFiles/STM32_Drivers.dir/__/__/Drivers/STM32G0xx_HAL_Driver/Src/stm32g0xx_hal_tim_ex.c.obj
 .debug_frame   0x0000000000004258       0x50 cmake/stm32cubemx/CMakeFiles/STM32_Drivers.dir/__/__/Drivers/Components/ws2812.c.obj
 .debug_frame   0x00000000000042a8       0xdc cmake/stm32cubemx/CMakeFiles/STM32_Drivers.dir/__/__/Drivers/Libraries/status.c.obj
 .debug_frame   0x0000000000004384      0x19c CMakeFiles/SPARK.dir/Core/Src/main.c.obj
 .debug_frame   0x0000000000004520       0xd4 CMakeFiles/SPARK.dir/Core/Src/stm32g0xx_it.c.obj
 .debug_frame   0x00000000000045f4      0x1d0 CMakeFiles/SPARK.dir/Core/Src/stm32g0xx_hal_msp.c.obj
 .debug_frame   0x00000000000047c4       0x20 C:/ST/STM32CubeCLT/GNU-tools-for-STM32/bin/../lib/gcc/arm-none-eabi/11.3.1/thumb/v6-m/nofp\libgcc.a(_udivsi3.o)
 .debug_frame   0x00000000000047e4       0x28 C:/ST/STM32CubeCLT/GNU-tools-for-STM32/bin/../lib/gcc/arm-none-eabi/11.3.1/thumb/v6-m/nofp\libgcc.a(_fixunssfsi.o)
 .debug_frame   0x000000000000480c       0x38 C:/ST/STM32CubeCLT/GNU-tools-for-STM32/bin/../lib/gcc/arm-none-eabi/11.3.1/thumb/v6-m/nofp\libgcc.a(addsf3.o)
 .debug_frame   0x0000000000004844       0x38 C:/ST/STM32CubeCLT/GNU-tools-for-STM32/bin/../lib/gcc/arm-none-eabi/11.3.1/thumb/v6-m/nofp\libgcc.a(divsf3.o)